[en.locatorleads.com/landers/btcprofit-lp2/index.html]
[backblue.gif]
[fade.gif]
[index.html]
[en.locatorleads.com/landers/btcprofit-lp2/favicon.ico]
[en.locatorleads.com/landers/btcprofit-lp2/assets/6c2a438299081541407dccddec11fb62/css/generic.css]
[en.locatorleads.com/landers/btcprofit-lp2/assets/6c2a438299081541407dccddec11fb62/plugins/algo-video/css/algo-video.css]
[en.locatorleads.com/landers/btcprofit-lp2/assets/f59e35d86ef2fd72e98101ed2ba28a11/css/bootstrap.css]
[en.locatorleads.com/landers/btcprofit-lp2/assets/2c894dd02c6b44d3f52684ceaed3f874/sweetalert.css]
[en.locatorleads.com/landers/btcprofit-lp2/assets/fbc5a76ab17c4e7246146564d0f92b38/css/font-awesome.css]
[en.locatorleads.com/landers/btcprofit-lp2/assets/21e4c22148417f878d48d69f8f3de344/css/flag-icon.css]
[en.locatorleads.com/landers/btcprofit-lp2/css/style.css]
[en.locatorleads.com/landers/btcprofit-lp2/index-2.html]
[en.locatorleads.com/landers/btcprofit-lp2/img/logo.png]
[en.locatorleads.com/landers/btcprofit-lp2/video/bitcoin-profit-1.mp4]
[en.locatorleads.com/landers/btcprofit-lp2/img/bitgo.png]
[en.locatorleads.com/landers/btcprofit-lp2/img/norton.png]
[en.locatorleads.com/landers/btcprofit-lp2/img/secure-trading.png]
[en.locatorleads.com/landers/btcprofit-lp2/img/mcafee.png]
[en.locatorleads.com/landers/btcprofit-lp2/img/join1.png]
[en.locatorleads.com/landers/btcprofit-lp2/img/join2.png]
[en.locatorleads.com/landers/btcprofit-lp2/img/join3.png]
[en.locatorleads.com/landers/btcprofit-lp2/img/testimoniala.png]
[en.locatorleads.com/landers/btcprofit-lp2/img/testimonialb.png]
[en.locatorleads.com/landers/btcprofit-lp2/img/testimonialc.png]
[en.locatorleads.com/landers/btcprofit-lp2/img/testimoniald.png]
[en.locatorleads.com/landers/btcprofit-lp2/img/step1.png]
[en.locatorleads.com/landers/btcprofit-lp2/img/step2.png]
[en.locatorleads.com/landers/btcprofit-lp2/img/step3.png]
[en.locatorleads.com/landers/btcprofit-lp2/img/q.png]
[en.locatorleads.com/landers/btcprofit-lp2/img/footer-logo.png]
[en.locatorleads.com/landers/btcprofit-lp2/privacy_policy.html]
[en.locatorleads.com/landers/btcprofit-lp2/terms-and-conditions.html]
[code.jquery.com/jquery-3.5.1.min.js]
[cdn.jsdelivr.net/npm/gasparesganga-jquery-loading-overlay@2.1.7/dist/loadingoverlay.min.js]
[en.locatorleads.com/landers/btcprofit-lp2/assets/6c2a438299081541407dccddec11fb62/plugins/algo-video/js/algo-video.js]
[en.locatorleads.com/landers/btcprofit-lp2/assets/6c2a438299081541407dccddec11fb62/plugins/algo-video/js/init.js]
[en.locatorleads.com/landers/btcprofit-lp2/assets/97eed3ced4be1fa04f3fd168c52bf47b/yii.js]
[en.locatorleads.com/landers/btcprofit-lp2/assets/97eed3ced4be1fa04f3fd168c52bf47b/yii.validation.js]
[en.locatorleads.com/landers/btcprofit-lp2/assets/97eed3ced4be1fa04f3fd168c52bf47b/yii.activeForm.js]
[en.locatorleads.com/landers/btcprofit-lp2/assets/f59e35d86ef2fd72e98101ed2ba28a11/js/bootstrap.bundle.js]
[en.locatorleads.com/landers/btcprofit-lp2/assets/6c2a438299081541407dccddec11fb62/js/swal_error.js]
[en.locatorleads.com/landers/btcprofit-lp2/assets/6c2a438299081541407dccddec11fb62/js/stepSubmit.js]
[en.locatorleads.com/landers/btcprofit-lp2/assets/6c2a438299081541407dccddec11fb62/js/generic.js]
[en.locatorleads.com/landers/btcprofit-lp2/js/mCustomScrollbar.js]
[en.locatorleads.com/landers/btcprofit-lp2/js/slick.js]
[en.locatorleads.com/landers/btcprofit-lp2/index.html]
[en.locatorleads.com/landers/btcprofit-lp2/assets/6c2a438299081541407dccddec11fb62/img/congratulations.png]
[en.locatorleads.com/landers/btcprofit-lp2/assets/6c2a438299081541407dccddec11fb62/css/generic.css]
[en.locatorleads.com/landers/btcprofit-lp2/assets/6c2a438299081541407dccddec11fb62/plugins/algo-video/img/play-button.png]
[en.locatorleads.com/landers/btcprofit-lp2/assets/6c2a438299081541407dccddec11fb62/plugins/algo-video/css/algo-video.css]
[en.locatorleads.com/landers/btcprofit-lp2/assets/f59e35d86ef2fd72e98101ed2ba28a11/css/bootstrap.css]
[en.locatorleads.com/landers/btcprofit-lp2/assets/2c894dd02c6b44d3f52684ceaed3f874/sweetalert.css]
[en.locatorleads.com/landers/btcprofit-lp2/assets/fbc5a76ab17c4e7246146564d0f92b38/css/font-awesome.css]
[en.locatorleads.com/landers/btcprofit-lp2/assets/21e4c22148417f878d48d69f8f3de344/flags/4x3/ad.svg]
[en.locatorleads.com/landers/btcprofit-lp2/assets/21e4c22148417f878d48d69f8f3de344/flags/1x1/ad.svg]
[en.locatorleads.com/landers/btcprofit-lp2/assets/21e4c22148417f878d48d69f8f3de344/flags/4x3/af.svg]
[en.locatorleads.com/landers/btcprofit-lp2/assets/21e4c22148417f878d48d69f8f3de344/flags/1x1/af.svg]
[en.locatorleads.com/landers/btcprofit-lp2/assets/21e4c22148417f878d48d69f8f3de344/flags/4x3/ag.svg]
[en.locatorleads.com/landers/btcprofit-lp2/assets/21e4c22148417f878d48d69f8f3de344/flags/1x1/ag.svg]
[en.locatorleads.com/landers/btcprofit-lp2/assets/21e4c22148417f878d48d69f8f3de344/flags/4x3/ai.svg]
[en.locatorleads.com/landers/btcprofit-lp2/assets/21e4c22148417f878d48d69f8f3de344/flags/1x1/ai.svg]
[en.locatorleads.com/landers/btcprofit-lp2/assets/21e4c22148417f878d48d69f8f3de344/flags/4x3/al.svg]
[en.locatorleads.com/landers/btcprofit-lp2/assets/21e4c22148417f878d48d69f8f3de344/flags/1x1/al.svg]
[en.locatorleads.com/landers/btcprofit-lp2/assets/21e4c22148417f878d48d69f8f3de344/flags/4x3/ao.svg]
[en.locatorleads.com/landers/btcprofit-lp2/assets/21e4c22148417f878d48d69f8f3de344/flags/1x1/ao.svg]
[en.locatorleads.com/landers/btcprofit-lp2/assets/21e4c22148417f878d48d69f8f3de344/flags/4x3/aq.svg]
[en.locatorleads.com/landers/btcprofit-lp2/assets/21e4c22148417f878d48d69f8f3de344/flags/1x1/aq.svg]
[en.locatorleads.com/landers/btcprofit-lp2/assets/21e4c22148417f878d48d69f8f3de344/flags/4x3/ar.svg]
[en.locatorleads.com/landers/btcprofit-lp2/assets/21e4c22148417f878d48d69f8f3de344/flags/1x1/ar.svg]
[en.locatorleads.com/landers/btcprofit-lp2/assets/21e4c22148417f878d48d69f8f3de344/flags/4x3/as.svg]
[en.locatorleads.com/landers/btcprofit-lp2/assets/21e4c22148417f878d48d69f8f3de344/flags/1x1/as.svg]
[en.locatorleads.com/landers/btcprofit-lp2/assets/21e4c22148417f878d48d69f8f3de344/flags/4x3/au.svg]
[en.locatorleads.com/landers/btcprofit-lp2/assets/21e4c22148417f878d48d69f8f3de344/flags/1x1/au.svg]
[en.locatorleads.com/landers/btcprofit-lp2/assets/21e4c22148417f878d48d69f8f3de344/flags/4x3/aw.svg]
[en.locatorleads.com/landers/btcprofit-lp2/assets/21e4c22148417f878d48d69f8f3de344/flags/1x1/aw.svg]
[en.locatorleads.com/landers/btcprofit-lp2/assets/21e4c22148417f878d48d69f8f3de344/flags/4x3/ax.svg]
[en.locatorleads.com/landers/btcprofit-lp2/assets/21e4c22148417f878d48d69f8f3de344/flags/1x1/ax.svg]
[en.locatorleads.com/landers/btcprofit-lp2/assets/21e4c22148417f878d48d69f8f3de344/flags/4x3/az.svg]
[en.locatorleads.com/landers/btcprofit-lp2/assets/21e4c22148417f878d48d69f8f3de344/flags/1x1/az.svg]
[en.locatorleads.com/landers/btcprofit-lp2/assets/21e4c22148417f878d48d69f8f3de344/flags/4x3/ba.svg]
[en.locatorleads.com/landers/btcprofit-lp2/assets/21e4c22148417f878d48d69f8f3de344/flags/1x1/ba.svg]
[en.locatorleads.com/landers/btcprofit-lp2/assets/21e4c22148417f878d48d69f8f3de344/flags/4x3/bb.svg]
[en.locatorleads.com/landers/btcprofit-lp2/assets/21e4c22148417f878d48d69f8f3de344/flags/1x1/bb.svg]
[en.locatorleads.com/landers/btcprofit-lp2/assets/21e4c22148417f878d48d69f8f3de344/flags/4x3/bf.svg]
[en.locatorleads.com/landers/btcprofit-lp2/assets/21e4c22148417f878d48d69f8f3de344/flags/1x1/bf.svg]
[en.locatorleads.com/landers/btcprofit-lp2/assets/21e4c22148417f878d48d69f8f3de344/flags/4x3/bh.svg]
[en.locatorleads.com/landers/btcprofit-lp2/assets/21e4c22148417f878d48d69f8f3de344/flags/1x1/bh.svg]
[en.locatorleads.com/landers/btcprofit-lp2/assets/21e4c22148417f878d48d69f8f3de344/flags/4x3/bi.svg]
[en.locatorleads.com/landers/btcprofit-lp2/assets/21e4c22148417f878d48d69f8f3de344/flags/1x1/bi.svg]
[en.locatorleads.com/landers/btcprofit-lp2/assets/21e4c22148417f878d48d69f8f3de344/flags/4x3/bj.svg]
[en.locatorleads.com/landers/btcprofit-lp2/assets/21e4c22148417f878d48d69f8f3de344/flags/1x1/bj.svg]
[en.locatorleads.com/landers/btcprofit-lp2/assets/21e4c22148417f878d48d69f8f3de344/flags/4x3/bm.svg]
[en.locatorleads.com/landers/btcprofit-lp2/assets/21e4c22148417f878d48d69f8f3de344/flags/1x1/bm.svg]
[en.locatorleads.com/landers/btcprofit-lp2/assets/21e4c22148417f878d48d69f8f3de344/flags/4x3/bn.svg]
[en.locatorleads.com/landers/btcprofit-lp2/assets/21e4c22148417f878d48d69f8f3de344/flags/1x1/bn.svg]
[en.locatorleads.com/landers/btcprofit-lp2/assets/21e4c22148417f878d48d69f8f3de344/flags/4x3/bo.svg]
[en.locatorleads.com/landers/btcprofit-lp2/assets/21e4c22148417f878d48d69f8f3de344/flags/1x1/bo.svg]
[en.locatorleads.com/landers/btcprofit-lp2/assets/21e4c22148417f878d48d69f8f3de344/flags/4x3/br.svg]
[en.locatorleads.com/landers/btcprofit-lp2/assets/21e4c22148417f878d48d69f8f3de344/flags/1x1/br.svg]
[en.locatorleads.com/landers/btcprofit-lp2/assets/21e4c22148417f878d48d69f8f3de344/flags/4x3/bs.svg]
[en.locatorleads.com/landers/btcprofit-lp2/assets/21e4c22148417f878d48d69f8f3de344/flags/1x1/bs.svg]
[en.locatorleads.com/landers/btcprofit-lp2/assets/21e4c22148417f878d48d69f8f3de344/flags/4x3/bt.svg]
[en.locatorleads.com/landers/btcprofit-lp2/assets/21e4c22148417f878d48d69f8f3de344/flags/1x1/bt.svg]
[en.locatorleads.com/landers/btcprofit-lp2/assets/21e4c22148417f878d48d69f8f3de344/flags/4x3/bv.svg]
[en.locatorleads.com/landers/btcprofit-lp2/assets/21e4c22148417f878d48d69f8f3de344/flags/1x1/bv.svg]
[en.locatorleads.com/landers/btcprofit-lp2/assets/21e4c22148417f878d48d69f8f3de344/flags/4x3/by.svg]
[en.locatorleads.com/landers/btcprofit-lp2/assets/21e4c22148417f878d48d69f8f3de344/flags/1x1/by.svg]
[en.locatorleads.com/landers/btcprofit-lp2/assets/21e4c22148417f878d48d69f8f3de344/flags/4x3/bz.svg]
[en.locatorleads.com/landers/btcprofit-lp2/assets/21e4c22148417f878d48d69f8f3de344/flags/1x1/bz.svg]
[en.locatorleads.com/landers/btcprofit-lp2/assets/21e4c22148417f878d48d69f8f3de344/flags/4x3/ca.svg]
[en.locatorleads.com/landers/btcprofit-lp2/assets/21e4c22148417f878d48d69f8f3de344/flags/1x1/ca.svg]
[en.locatorleads.com/landers/btcprofit-lp2/assets/21e4c22148417f878d48d69f8f3de344/flags/4x3/cc.svg]
[en.locatorleads.com/landers/btcprofit-lp2/assets/21e4c22148417f878d48d69f8f3de344/flags/1x1/cc.svg]
[en.locatorleads.com/landers/btcprofit-lp2/assets/21e4c22148417f878d48d69f8f3de344/flags/4x3/cd.svg]
[en.locatorleads.com/landers/btcprofit-lp2/assets/21e4c22148417f878d48d69f8f3de344/flags/1x1/cd.svg]
[en.locatorleads.com/landers/btcprofit-lp2/assets/21e4c22148417f878d48d69f8f3de344/flags/4x3/cf.svg]
[en.locatorleads.com/landers/btcprofit-lp2/assets/21e4c22148417f878d48d69f8f3de344/flags/1x1/cf.svg]
[en.locatorleads.com/landers/btcprofit-lp2/assets/21e4c22148417f878d48d69f8f3de344/flags/4x3/cg.svg]
[en.locatorleads.com/landers/btcprofit-lp2/assets/21e4c22148417f878d48d69f8f3de344/flags/1x1/cg.svg]
[en.locatorleads.com/landers/btcprofit-lp2/assets/21e4c22148417f878d48d69f8f3de344/flags/4x3/ck.svg]
[en.locatorleads.com/landers/btcprofit-lp2/assets/21e4c22148417f878d48d69f8f3de344/flags/1x1/ck.svg]
[en.locatorleads.com/landers/btcprofit-lp2/assets/21e4c22148417f878d48d69f8f3de344/flags/4x3/cl.svg]
[en.locatorleads.com/landers/btcprofit-lp2/assets/21e4c22148417f878d48d69f8f3de344/flags/1x1/cl.svg]
[en.locatorleads.com/landers/btcprofit-lp2/assets/21e4c22148417f878d48d69f8f3de344/flags/4x3/cm.svg]
[en.locatorleads.com/landers/btcprofit-lp2/assets/21e4c22148417f878d48d69f8f3de344/flags/1x1/cm.svg]
[en.locatorleads.com/landers/btcprofit-lp2/assets/21e4c22148417f878d48d69f8f3de344/flags/4x3/cn.svg]
[en.locatorleads.com/landers/btcprofit-lp2/assets/21e4c22148417f878d48d69f8f3de344/flags/1x1/cn.svg]
[en.locatorleads.com/landers/btcprofit-lp2/assets/21e4c22148417f878d48d69f8f3de344/flags/4x3/cu.svg]
[en.locatorleads.com/landers/btcprofit-lp2/assets/21e4c22148417f878d48d69f8f3de344/flags/1x1/cu.svg]
[en.locatorleads.com/landers/btcprofit-lp2/assets/21e4c22148417f878d48d69f8f3de344/flags/4x3/cv.svg]
[en.locatorleads.com/landers/btcprofit-lp2/assets/21e4c22148417f878d48d69f8f3de344/flags/1x1/cv.svg]
[en.locatorleads.com/landers/btcprofit-lp2/assets/21e4c22148417f878d48d69f8f3de344/flags/4x3/cw.svg]
[en.locatorleads.com/landers/btcprofit-lp2/assets/21e4c22148417f878d48d69f8f3de344/flags/1x1/cw.svg]
[en.locatorleads.com/landers/btcprofit-lp2/assets/21e4c22148417f878d48d69f8f3de344/flags/4x3/cx.svg]
[en.locatorleads.com/landers/btcprofit-lp2/assets/21e4c22148417f878d48d69f8f3de344/flags/1x1/cx.svg]
[en.locatorleads.com/landers/btcprofit-lp2/assets/21e4c22148417f878d48d69f8f3de344/flags/4x3/cy.svg]
[en.locatorleads.com/landers/btcprofit-lp2/assets/21e4c22148417f878d48d69f8f3de344/flags/1x1/cy.svg]
[en.locatorleads.com/landers/btcprofit-lp2/assets/21e4c22148417f878d48d69f8f3de344/flags/4x3/cz.svg]
[en.locatorleads.com/landers/btcprofit-lp2/assets/21e4c22148417f878d48d69f8f3de344/flags/1x1/cz.svg]
[en.locatorleads.com/landers/btcprofit-lp2/assets/21e4c22148417f878d48d69f8f3de344/flags/4x3/dj.svg]
[en.locatorleads.com/landers/btcprofit-lp2/assets/21e4c22148417f878d48d69f8f3de344/flags/1x1/dj.svg]
[en.locatorleads.com/landers/btcprofit-lp2/assets/21e4c22148417f878d48d69f8f3de344/flags/4x3/dm.svg]
[en.locatorleads.com/landers/btcprofit-lp2/assets/21e4c22148417f878d48d69f8f3de344/flags/1x1/dm.svg]
[en.locatorleads.com/landers/btcprofit-lp2/assets/21e4c22148417f878d48d69f8f3de344/flags/4x3/do.svg]
[en.locatorleads.com/landers/btcprofit-lp2/assets/21e4c22148417f878d48d69f8f3de344/flags/1x1/do.svg]
[en.locatorleads.com/landers/btcprofit-lp2/assets/21e4c22148417f878d48d69f8f3de344/flags/1x1/dz.svg]
[en.locatorleads.com/landers/btcprofit-lp2/assets/21e4c22148417f878d48d69f8f3de344/flags/4x3/ec.svg]
[en.locatorleads.com/landers/btcprofit-lp2/assets/21e4c22148417f878d48d69f8f3de344/flags/1x1/ec.svg]
[en.locatorleads.com/landers/btcprofit-lp2/assets/21e4c22148417f878d48d69f8f3de344/flags/4x3/ee.svg]
[en.locatorleads.com/landers/btcprofit-lp2/assets/21e4c22148417f878d48d69f8f3de344/flags/1x1/ee.svg]
[en.locatorleads.com/landers/btcprofit-lp2/assets/21e4c22148417f878d48d69f8f3de344/flags/4x3/eg.svg]
[en.locatorleads.com/landers/btcprofit-lp2/assets/21e4c22148417f878d48d69f8f3de344/flags/1x1/eg.svg]
[en.locatorleads.com/landers/btcprofit-lp2/assets/21e4c22148417f878d48d69f8f3de344/flags/4x3/eh.svg]
[en.locatorleads.com/landers/btcprofit-lp2/assets/21e4c22148417f878d48d69f8f3de344/flags/1x1/eh.svg]
[en.locatorleads.com/landers/btcprofit-lp2/assets/21e4c22148417f878d48d69f8f3de344/flags/4x3/er.svg]
[en.locatorleads.com/landers/btcprofit-lp2/assets/21e4c22148417f878d48d69f8f3de344/flags/1x1/er.svg]
[en.locatorleads.com/landers/btcprofit-lp2/assets/21e4c22148417f878d48d69f8f3de344/flags/4x3/es.svg]
[en.locatorleads.com/landers/btcprofit-lp2/assets/21e4c22148417f878d48d69f8f3de344/flags/1x1/es.svg]
[en.locatorleads.com/landers/btcprofit-lp2/assets/21e4c22148417f878d48d69f8f3de344/flags/4x3/et.svg]
[en.locatorleads.com/landers/btcprofit-lp2/assets/21e4c22148417f878d48d69f8f3de344/flags/1x1/et.svg]
[en.locatorleads.com/landers/btcprofit-lp2/assets/21e4c22148417f878d48d69f8f3de344/flags/4x3/fj.svg]
[en.locatorleads.com/landers/btcprofit-lp2/assets/21e4c22148417f878d48d69f8f3de344/flags/1x1/fj.svg]
[en.locatorleads.com/landers/btcprofit-lp2/assets/21e4c22148417f878d48d69f8f3de344/flags/4x3/fk.svg]
[en.locatorleads.com/landers/btcprofit-lp2/assets/21e4c22148417f878d48d69f8f3de344/flags/1x1/fk.svg]
[en.locatorleads.com/landers/btcprofit-lp2/assets/21e4c22148417f878d48d69f8f3de344/flags/4x3/fm.svg]
[en.locatorleads.com/landers/btcprofit-lp2/assets/21e4c22148417f878d48d69f8f3de344/flags/1x1/fm.svg]
[en.locatorleads.com/landers/btcprofit-lp2/assets/21e4c22148417f878d48d69f8f3de344/flags/4x3/fo.svg]
[en.locatorleads.com/landers/btcprofit-lp2/assets/21e4c22148417f878d48d69f8f3de344/flags/1x1/fo.svg]
[en.locatorleads.com/landers/btcprofit-lp2/assets/21e4c22148417f878d48d69f8f3de344/flags/4x3/gb.svg]
[en.locatorleads.com/landers/btcprofit-lp2/assets/21e4c22148417f878d48d69f8f3de344/flags/1x1/gb.svg]
[en.locatorleads.com/landers/btcprofit-lp2/assets/21e4c22148417f878d48d69f8f3de344/flags/4x3/gd.svg]
[en.locatorleads.com/landers/btcprofit-lp2/assets/21e4c22148417f878d48d69f8f3de344/flags/1x1/gd.svg]
[en.locatorleads.com/landers/btcprofit-lp2/assets/21e4c22148417f878d48d69f8f3de344/flags/4x3/ge.svg]
[en.locatorleads.com/landers/btcprofit-lp2/assets/21e4c22148417f878d48d69f8f3de344/flags/1x1/ge.svg]
[en.locatorleads.com/landers/btcprofit-lp2/assets/21e4c22148417f878d48d69f8f3de344/flags/4x3/gg.svg]
[en.locatorleads.com/landers/btcprofit-lp2/assets/21e4c22148417f878d48d69f8f3de344/flags/1x1/gg.svg]
[en.locatorleads.com/landers/btcprofit-lp2/assets/21e4c22148417f878d48d69f8f3de344/flags/4x3/gi.svg]
[en.locatorleads.com/landers/btcprofit-lp2/assets/21e4c22148417f878d48d69f8f3de344/flags/1x1/gi.svg]
[en.locatorleads.com/landers/btcprofit-lp2/assets/21e4c22148417f878d48d69f8f3de344/flags/4x3/gm.svg]
[en.locatorleads.com/landers/btcprofit-lp2/assets/21e4c22148417f878d48d69f8f3de344/flags/1x1/gm.svg]
[en.locatorleads.com/landers/btcprofit-lp2/assets/21e4c22148417f878d48d69f8f3de344/flags/4x3/gq.svg]
[en.locatorleads.com/landers/btcprofit-lp2/assets/21e4c22148417f878d48d69f8f3de344/flags/1x1/gq.svg]
[en.locatorleads.com/landers/btcprofit-lp2/assets/21e4c22148417f878d48d69f8f3de344/flags/4x3/gr.svg]
[en.locatorleads.com/landers/btcprofit-lp2/assets/21e4c22148417f878d48d69f8f3de344/flags/1x1/gr.svg]
[en.locatorleads.com/landers/btcprofit-lp2/assets/21e4c22148417f878d48d69f8f3de344/flags/4x3/gs.svg]
[en.locatorleads.com/landers/btcprofit-lp2/assets/21e4c22148417f878d48d69f8f3de344/flags/1x1/gs.svg]
[en.locatorleads.com/landers/btcprofit-lp2/assets/21e4c22148417f878d48d69f8f3de344/flags/4x3/gt.svg]
[en.locatorleads.com/landers/btcprofit-lp2/assets/21e4c22148417f878d48d69f8f3de344/flags/1x1/gt.svg]
[en.locatorleads.com/landers/btcprofit-lp2/assets/21e4c22148417f878d48d69f8f3de344/flags/4x3/gu.svg]
[en.locatorleads.com/landers/btcprofit-lp2/assets/21e4c22148417f878d48d69f8f3de344/flags/1x1/gu.svg]
[en.locatorleads.com/landers/btcprofit-lp2/assets/21e4c22148417f878d48d69f8f3de344/flags/4x3/gw.svg]
[en.locatorleads.com/landers/btcprofit-lp2/assets/21e4c22148417f878d48d69f8f3de344/flags/1x1/gw.svg]
[en.locatorleads.com/landers/btcprofit-lp2/assets/21e4c22148417f878d48d69f8f3de344/flags/4x3/gy.svg]
[en.locatorleads.com/landers/btcprofit-lp2/assets/21e4c22148417f878d48d69f8f3de344/flags/1x1/gy.svg]
[en.locatorleads.com/landers/btcprofit-lp2/assets/21e4c22148417f878d48d69f8f3de344/flags/4x3/hk.svg]
[en.locatorleads.com/landers/btcprofit-lp2/assets/21e4c22148417f878d48d69f8f3de344/flags/1x1/hk.svg]
[en.locatorleads.com/landers/btcprofit-lp2/assets/21e4c22148417f878d48d69f8f3de344/flags/4x3/hm.svg]
[en.locatorleads.com/landers/btcprofit-lp2/assets/21e4c22148417f878d48d69f8f3de344/flags/1x1/hm.svg]
[en.locatorleads.com/landers/btcprofit-lp2/assets/21e4c22148417f878d48d69f8f3de344/flags/4x3/hn.svg]
[en.locatorleads.com/landers/btcprofit-lp2/assets/21e4c22148417f878d48d69f8f3de344/flags/1x1/hn.svg]
[en.locatorleads.com/landers/btcprofit-lp2/assets/21e4c22148417f878d48d69f8f3de344/flags/4x3/hr.svg]
[en.locatorleads.com/landers/btcprofit-lp2/assets/21e4c22148417f878d48d69f8f3de344/flags/1x1/hr.svg]
[en.locatorleads.com/landers/btcprofit-lp2/assets/21e4c22148417f878d48d69f8f3de344/flags/4x3/ht.svg]
[en.locatorleads.com/landers/btcprofit-lp2/assets/21e4c22148417f878d48d69f8f3de344/flags/1x1/ht.svg]
[en.locatorleads.com/landers/btcprofit-lp2/assets/21e4c22148417f878d48d69f8f3de344/flags/4x3/il.svg]
[en.locatorleads.com/landers/btcprofit-lp2/assets/21e4c22148417f878d48d69f8f3de344/flags/1x1/il.svg]
[en.locatorleads.com/landers/btcprofit-lp2/assets/21e4c22148417f878d48d69f8f3de344/flags/4x3/im.svg]
[en.locatorleads.com/landers/btcprofit-lp2/assets/21e4c22148417f878d48d69f8f3de344/flags/1x1/im.svg]
[en.locatorleads.com/landers/btcprofit-lp2/assets/21e4c22148417f878d48d69f8f3de344/flags/4x3/in.svg]
[en.locatorleads.com/landers/btcprofit-lp2/assets/21e4c22148417f878d48d69f8f3de344/flags/1x1/in.svg]
[en.locatorleads.com/landers/btcprofit-lp2/assets/21e4c22148417f878d48d69f8f3de344/flags/4x3/io.svg]
[en.locatorleads.com/landers/btcprofit-lp2/assets/21e4c22148417f878d48d69f8f3de344/flags/1x1/io.svg]
[en.locatorleads.com/landers/btcprofit-lp2/assets/21e4c22148417f878d48d69f8f3de344/flags/4x3/iq.svg]
[en.locatorleads.com/landers/btcprofit-lp2/assets/21e4c22148417f878d48d69f8f3de344/flags/1x1/iq.svg]
[en.locatorleads.com/landers/btcprofit-lp2/assets/21e4c22148417f878d48d69f8f3de344/flags/4x3/ir.svg]
[en.locatorleads.com/landers/btcprofit-lp2/assets/21e4c22148417f878d48d69f8f3de344/flags/1x1/ir.svg]
[en.locatorleads.com/landers/btcprofit-lp2/assets/21e4c22148417f878d48d69f8f3de344/flags/4x3/is.svg]
[en.locatorleads.com/landers/btcprofit-lp2/assets/21e4c22148417f878d48d69f8f3de344/flags/1x1/is.svg]
[en.locatorleads.com/landers/btcprofit-lp2/assets/21e4c22148417f878d48d69f8f3de344/flags/4x3/je.svg]
[en.locatorleads.com/landers/btcprofit-lp2/assets/21e4c22148417f878d48d69f8f3de344/flags/1x1/je.svg]
[en.locatorleads.com/landers/btcprofit-lp2/assets/21e4c22148417f878d48d69f8f3de344/flags/4x3/jm.svg]
[en.locatorleads.com/landers/btcprofit-lp2/assets/21e4c22148417f878d48d69f8f3de344/flags/1x1/jm.svg]
[en.locatorleads.com/landers/btcprofit-lp2/assets/21e4c22148417f878d48d69f8f3de344/flags/4x3/jo.svg]
[en.locatorleads.com/landers/btcprofit-lp2/assets/21e4c22148417f878d48d69f8f3de344/flags/1x1/jo.svg]
[en.locatorleads.com/landers/btcprofit-lp2/assets/21e4c22148417f878d48d69f8f3de344/flags/4x3/jp.svg]
[en.locatorleads.com/landers/btcprofit-lp2/assets/21e4c22148417f878d48d69f8f3de344/flags/1x1/jp.svg]
[en.locatorleads.com/landers/btcprofit-lp2/assets/21e4c22148417f878d48d69f8f3de344/flags/4x3/ke.svg]
[en.locatorleads.com/landers/btcprofit-lp2/assets/21e4c22148417f878d48d69f8f3de344/flags/1x1/ke.svg]
[en.locatorleads.com/landers/btcprofit-lp2/assets/21e4c22148417f878d48d69f8f3de344/flags/4x3/kg.svg]
[en.locatorleads.com/landers/btcprofit-lp2/assets/21e4c22148417f878d48d69f8f3de344/flags/1x1/kg.svg]
[en.locatorleads.com/landers/btcprofit-lp2/assets/21e4c22148417f878d48d69f8f3de344/flags/4x3/kh.svg]
[en.locatorleads.com/landers/btcprofit-lp2/assets/21e4c22148417f878d48d69f8f3de344/flags/1x1/kh.svg]
[en.locatorleads.com/landers/btcprofit-lp2/assets/21e4c22148417f878d48d69f8f3de344/flags/4x3/ki.svg]
[en.locatorleads.com/landers/btcprofit-lp2/assets/21e4c22148417f878d48d69f8f3de344/flags/1x1/ki.svg]
[en.locatorleads.com/landers/btcprofit-lp2/assets/21e4c22148417f878d48d69f8f3de344/flags/4x3/km.svg]
[en.locatorleads.com/landers/btcprofit-lp2/assets/21e4c22148417f878d48d69f8f3de344/flags/1x1/km.svg]
[en.locatorleads.com/landers/btcprofit-lp2/assets/21e4c22148417f878d48d69f8f3de344/flags/4x3/kn.svg]
[en.locatorleads.com/landers/btcprofit-lp2/assets/21e4c22148417f878d48d69f8f3de344/flags/1x1/kn.svg]
[en.locatorleads.com/landers/btcprofit-lp2/assets/21e4c22148417f878d48d69f8f3de344/flags/4x3/kp.svg]
[en.locatorleads.com/landers/btcprofit-lp2/assets/21e4c22148417f878d48d69f8f3de344/flags/1x1/kp.svg]
[en.locatorleads.com/landers/btcprofit-lp2/assets/21e4c22148417f878d48d69f8f3de344/flags/4x3/kr.svg]
[en.locatorleads.com/landers/btcprofit-lp2/assets/21e4c22148417f878d48d69f8f3de344/flags/1x1/kr.svg]
[en.locatorleads.com/landers/btcprofit-lp2/assets/21e4c22148417f878d48d69f8f3de344/flags/4x3/kw.svg]
[en.locatorleads.com/landers/btcprofit-lp2/assets/21e4c22148417f878d48d69f8f3de344/flags/1x1/kw.svg]
[en.locatorleads.com/landers/btcprofit-lp2/assets/21e4c22148417f878d48d69f8f3de344/flags/4x3/ky.svg]
[en.locatorleads.com/landers/btcprofit-lp2/assets/21e4c22148417f878d48d69f8f3de344/flags/1x1/ky.svg]
[en.locatorleads.com/landers/btcprofit-lp2/assets/21e4c22148417f878d48d69f8f3de344/flags/4x3/kz.svg]
[en.locatorleads.com/landers/btcprofit-lp2/assets/21e4c22148417f878d48d69f8f3de344/flags/1x1/kz.svg]
[en.locatorleads.com/landers/btcprofit-lp2/assets/21e4c22148417f878d48d69f8f3de344/flags/4x3/la.svg]
[en.locatorleads.com/landers/btcprofit-lp2/assets/21e4c22148417f878d48d69f8f3de344/flags/1x1/la.svg]
[en.locatorleads.com/landers/btcprofit-lp2/assets/21e4c22148417f878d48d69f8f3de344/flags/4x3/lb.svg]
[en.locatorleads.com/landers/btcprofit-lp2/assets/21e4c22148417f878d48d69f8f3de344/flags/1x1/lb.svg]
[en.locatorleads.com/landers/btcprofit-lp2/assets/21e4c22148417f878d48d69f8f3de344/flags/4x3/lc.svg]
[en.locatorleads.com/landers/btcprofit-lp2/assets/21e4c22148417f878d48d69f8f3de344/flags/1x1/lc.svg]
[en.locatorleads.com/landers/btcprofit-lp2/assets/21e4c22148417f878d48d69f8f3de344/flags/4x3/li.svg]
[en.locatorleads.com/landers/btcprofit-lp2/assets/21e4c22148417f878d48d69f8f3de344/flags/1x1/li.svg]
[en.locatorleads.com/landers/btcprofit-lp2/assets/21e4c22148417f878d48d69f8f3de344/flags/4x3/lk.svg]
[en.locatorleads.com/landers/btcprofit-lp2/assets/21e4c22148417f878d48d69f8f3de344/flags/1x1/lk.svg]
[en.locatorleads.com/landers/btcprofit-lp2/assets/21e4c22148417f878d48d69f8f3de344/flags/4x3/lr.svg]
[en.locatorleads.com/landers/btcprofit-lp2/assets/21e4c22148417f878d48d69f8f3de344/flags/1x1/lr.svg]
[en.locatorleads.com/landers/btcprofit-lp2/assets/21e4c22148417f878d48d69f8f3de344/flags/4x3/ls.svg]
[en.locatorleads.com/landers/btcprofit-lp2/assets/21e4c22148417f878d48d69f8f3de344/flags/1x1/ls.svg]
[en.locatorleads.com/landers/btcprofit-lp2/assets/21e4c22148417f878d48d69f8f3de344/flags/4x3/lt.svg]
[en.locatorleads.com/landers/btcprofit-lp2/assets/21e4c22148417f878d48d69f8f3de344/flags/1x1/lt.svg]
[en.locatorleads.com/landers/btcprofit-lp2/assets/21e4c22148417f878d48d69f8f3de344/flags/4x3/ly.svg]
[en.locatorleads.com/landers/btcprofit-lp2/assets/21e4c22148417f878d48d69f8f3de344/flags/1x1/ly.svg]
[en.locatorleads.com/landers/btcprofit-lp2/assets/21e4c22148417f878d48d69f8f3de344/flags/4x3/md.svg]
[en.locatorleads.com/landers/btcprofit-lp2/assets/21e4c22148417f878d48d69f8f3de344/flags/1x1/md.svg]
[en.locatorleads.com/landers/btcprofit-lp2/assets/21e4c22148417f878d48d69f8f3de344/flags/4x3/me.svg]
[en.locatorleads.com/landers/btcprofit-lp2/assets/21e4c22148417f878d48d69f8f3de344/flags/1x1/me.svg]
[en.locatorleads.com/landers/btcprofit-lp2/assets/21e4c22148417f878d48d69f8f3de344/flags/4x3/mg.svg]
[en.locatorleads.com/landers/btcprofit-lp2/assets/21e4c22148417f878d48d69f8f3de344/flags/1x1/mg.svg]
[en.locatorleads.com/landers/btcprofit-lp2/assets/21e4c22148417f878d48d69f8f3de344/flags/4x3/mh.svg]
[en.locatorleads.com/landers/btcprofit-lp2/assets/21e4c22148417f878d48d69f8f3de344/flags/1x1/mh.svg]
[en.locatorleads.com/landers/btcprofit-lp2/assets/21e4c22148417f878d48d69f8f3de344/flags/4x3/mk.svg]
[en.locatorleads.com/landers/btcprofit-lp2/assets/21e4c22148417f878d48d69f8f3de344/flags/1x1/mk.svg]
[en.locatorleads.com/landers/btcprofit-lp2/assets/21e4c22148417f878d48d69f8f3de344/flags/4x3/mm.svg]
[en.locatorleads.com/landers/btcprofit-lp2/assets/21e4c22148417f878d48d69f8f3de344/flags/1x1/mm.svg]
[en.locatorleads.com/landers/btcprofit-lp2/assets/21e4c22148417f878d48d69f8f3de344/flags/4x3/mn.svg]
[en.locatorleads.com/landers/btcprofit-lp2/assets/21e4c22148417f878d48d69f8f3de344/flags/1x1/mn.svg]
[en.locatorleads.com/landers/btcprofit-lp2/assets/21e4c22148417f878d48d69f8f3de344/flags/4x3/mo.svg]
[en.locatorleads.com/landers/btcprofit-lp2/assets/21e4c22148417f878d48d69f8f3de344/flags/1x1/mo.svg]
[en.locatorleads.com/landers/btcprofit-lp2/assets/21e4c22148417f878d48d69f8f3de344/flags/4x3/mp.svg]
[en.locatorleads.com/landers/btcprofit-lp2/assets/21e4c22148417f878d48d69f8f3de344/flags/1x1/mp.svg]
[en.locatorleads.com/landers/btcprofit-lp2/assets/21e4c22148417f878d48d69f8f3de344/flags/4x3/mr.svg]
[en.locatorleads.com/landers/btcprofit-lp2/assets/21e4c22148417f878d48d69f8f3de344/flags/1x1/mr.svg]
[en.locatorleads.com/landers/btcprofit-lp2/assets/21e4c22148417f878d48d69f8f3de344/flags/4x3/ms.svg]
[en.locatorleads.com/landers/btcprofit-lp2/assets/21e4c22148417f878d48d69f8f3de344/flags/1x1/ms.svg]
[en.locatorleads.com/landers/btcprofit-lp2/assets/21e4c22148417f878d48d69f8f3de344/flags/4x3/mt.svg]
[en.locatorleads.com/landers/btcprofit-lp2/assets/21e4c22148417f878d48d69f8f3de344/flags/1x1/mt.svg]
[en.locatorleads.com/landers/btcprofit-lp2/assets/21e4c22148417f878d48d69f8f3de344/flags/4x3/mu.svg]
[en.locatorleads.com/landers/btcprofit-lp2/assets/21e4c22148417f878d48d69f8f3de344/flags/1x1/mu.svg]
[en.locatorleads.com/landers/btcprofit-lp2/assets/21e4c22148417f878d48d69f8f3de344/flags/1x1/mv.svg]
[en.locatorleads.com/landers/btcprofit-lp2/assets/21e4c22148417f878d48d69f8f3de344/flags/4x3/mw.svg]
[en.locatorleads.com/landers/btcprofit-lp2/assets/21e4c22148417f878d48d69f8f3de344/flags/1x1/mw.svg]
[en.locatorleads.com/landers/btcprofit-lp2/assets/21e4c22148417f878d48d69f8f3de344/flags/4x3/mx.svg]
[en.locatorleads.com/landers/btcprofit-lp2/assets/21e4c22148417f878d48d69f8f3de344/flags/1x1/mx.svg]
[en.locatorleads.com/landers/btcprofit-lp2/assets/21e4c22148417f878d48d69f8f3de344/flags/4x3/my.svg]
[en.locatorleads.com/landers/btcprofit-lp2/assets/21e4c22148417f878d48d69f8f3de344/flags/1x1/my.svg]
[en.locatorleads.com/landers/btcprofit-lp2/assets/21e4c22148417f878d48d69f8f3de344/flags/4x3/mz.svg]
[en.locatorleads.com/landers/btcprofit-lp2/assets/21e4c22148417f878d48d69f8f3de344/flags/1x1/mz.svg]
[en.locatorleads.com/landers/btcprofit-lp2/assets/21e4c22148417f878d48d69f8f3de344/flags/4x3/na.svg]
[en.locatorleads.com/landers/btcprofit-lp2/assets/21e4c22148417f878d48d69f8f3de344/flags/1x1/na.svg]
[en.locatorleads.com/landers/btcprofit-lp2/assets/21e4c22148417f878d48d69f8f3de344/flags/4x3/nf.svg]
[en.locatorleads.com/landers/btcprofit-lp2/assets/21e4c22148417f878d48d69f8f3de344/flags/1x1/nf.svg]
[en.locatorleads.com/landers/btcprofit-lp2/assets/21e4c22148417f878d48d69f8f3de344/flags/4x3/ni.svg]
[en.locatorleads.com/landers/btcprofit-lp2/assets/21e4c22148417f878d48d69f8f3de344/flags/1x1/ni.svg]
[en.locatorleads.com/landers/btcprofit-lp2/assets/21e4c22148417f878d48d69f8f3de344/flags/4x3/nl.svg]
[en.locatorleads.com/landers/btcprofit-lp2/assets/21e4c22148417f878d48d69f8f3de344/flags/1x1/nl.svg]
[en.locatorleads.com/landers/btcprofit-lp2/assets/21e4c22148417f878d48d69f8f3de344/flags/4x3/no.svg]
[en.locatorleads.com/landers/btcprofit-lp2/assets/21e4c22148417f878d48d69f8f3de344/flags/1x1/no.svg]
[en.locatorleads.com/landers/btcprofit-lp2/assets/21e4c22148417f878d48d69f8f3de344/flags/4x3/np.svg]
[en.locatorleads.com/landers/btcprofit-lp2/assets/21e4c22148417f878d48d69f8f3de344/flags/1x1/np.svg]
[en.locatorleads.com/landers/btcprofit-lp2/assets/21e4c22148417f878d48d69f8f3de344/flags/4x3/nr.svg]
[en.locatorleads.com/landers/btcprofit-lp2/assets/21e4c22148417f878d48d69f8f3de344/flags/1x1/nr.svg]
[en.locatorleads.com/landers/btcprofit-lp2/assets/21e4c22148417f878d48d69f8f3de344/flags/4x3/nu.svg]
[en.locatorleads.com/landers/btcprofit-lp2/assets/21e4c22148417f878d48d69f8f3de344/flags/1x1/nu.svg]
[en.locatorleads.com/landers/btcprofit-lp2/assets/21e4c22148417f878d48d69f8f3de344/flags/4x3/nz.svg]
[en.locatorleads.com/landers/btcprofit-lp2/assets/21e4c22148417f878d48d69f8f3de344/flags/1x1/nz.svg]
[en.locatorleads.com/landers/btcprofit-lp2/assets/21e4c22148417f878d48d69f8f3de344/flags/4x3/om.svg]
[en.locatorleads.com/landers/btcprofit-lp2/assets/21e4c22148417f878d48d69f8f3de344/flags/1x1/om.svg]
[en.locatorleads.com/landers/btcprofit-lp2/assets/21e4c22148417f878d48d69f8f3de344/flags/4x3/pa.svg]
[en.locatorleads.com/landers/btcprofit-lp2/assets/21e4c22148417f878d48d69f8f3de344/flags/1x1/pa.svg]
[en.locatorleads.com/landers/btcprofit-lp2/assets/21e4c22148417f878d48d69f8f3de344/flags/4x3/pe.svg]
[en.locatorleads.com/landers/btcprofit-lp2/assets/21e4c22148417f878d48d69f8f3de344/flags/1x1/pe.svg]
[en.locatorleads.com/landers/btcprofit-lp2/assets/21e4c22148417f878d48d69f8f3de344/flags/4x3/pf.svg]
[en.locatorleads.com/landers/btcprofit-lp2/assets/21e4c22148417f878d48d69f8f3de344/flags/1x1/pf.svg]
[en.locatorleads.com/landers/btcprofit-lp2/assets/21e4c22148417f878d48d69f8f3de344/flags/4x3/pg.svg]
[en.locatorleads.com/landers/btcprofit-lp2/assets/21e4c22148417f878d48d69f8f3de344/flags/1x1/pg.svg]
[en.locatorleads.com/landers/btcprofit-lp2/assets/21e4c22148417f878d48d69f8f3de344/flags/4x3/ph.svg]
[en.locatorleads.com/landers/btcprofit-lp2/assets/21e4c22148417f878d48d69f8f3de344/flags/1x1/ph.svg]
[en.locatorleads.com/landers/btcprofit-lp2/assets/21e4c22148417f878d48d69f8f3de344/flags/4x3/pk.svg]
[en.locatorleads.com/landers/btcprofit-lp2/assets/21e4c22148417f878d48d69f8f3de344/flags/1x1/pk.svg]
[en.locatorleads.com/landers/btcprofit-lp2/assets/21e4c22148417f878d48d69f8f3de344/flags/4x3/pn.svg]
[en.locatorleads.com/landers/btcprofit-lp2/assets/21e4c22148417f878d48d69f8f3de344/flags/1x1/pn.svg]
[en.locatorleads.com/landers/btcprofit-lp2/assets/21e4c22148417f878d48d69f8f3de344/flags/4x3/pr.svg]
[en.locatorleads.com/landers/btcprofit-lp2/assets/21e4c22148417f878d48d69f8f3de344/flags/1x1/pr.svg]
[en.locatorleads.com/landers/btcprofit-lp2/assets/21e4c22148417f878d48d69f8f3de344/flags/4x3/ps.svg]
[en.locatorleads.com/landers/btcprofit-lp2/assets/21e4c22148417f878d48d69f8f3de344/flags/1x1/ps.svg]
[en.locatorleads.com/landers/btcprofit-lp2/assets/21e4c22148417f878d48d69f8f3de344/flags/4x3/pt.svg]
[en.locatorleads.com/landers/btcprofit-lp2/assets/21e4c22148417f878d48d69f8f3de344/flags/1x1/pt.svg]
[en.locatorleads.com/landers/btcprofit-lp2/assets/21e4c22148417f878d48d69f8f3de344/flags/4x3/pw.svg]
[en.locatorleads.com/landers/btcprofit-lp2/assets/21e4c22148417f878d48d69f8f3de344/flags/1x1/pw.svg]
[en.locatorleads.com/landers/btcprofit-lp2/assets/21e4c22148417f878d48d69f8f3de344/flags/4x3/py.svg]
[en.locatorleads.com/landers/btcprofit-lp2/assets/21e4c22148417f878d48d69f8f3de344/flags/1x1/py.svg]
[en.locatorleads.com/landers/btcprofit-lp2/assets/21e4c22148417f878d48d69f8f3de344/flags/4x3/qa.svg]
[en.locatorleads.com/landers/btcprofit-lp2/assets/21e4c22148417f878d48d69f8f3de344/flags/1x1/qa.svg]
[en.locatorleads.com/landers/btcprofit-lp2/assets/21e4c22148417f878d48d69f8f3de344/flags/4x3/ro.svg]
[en.locatorleads.com/landers/btcprofit-lp2/assets/21e4c22148417f878d48d69f8f3de344/flags/1x1/ro.svg]
[en.locatorleads.com/landers/btcprofit-lp2/assets/21e4c22148417f878d48d69f8f3de344/flags/4x3/rs.svg]
[en.locatorleads.com/landers/btcprofit-lp2/assets/21e4c22148417f878d48d69f8f3de344/flags/1x1/rs.svg]
[en.locatorleads.com/landers/btcprofit-lp2/assets/21e4c22148417f878d48d69f8f3de344/flags/4x3/rw.svg]
[en.locatorleads.com/landers/btcprofit-lp2/assets/21e4c22148417f878d48d69f8f3de344/flags/1x1/rw.svg]
[en.locatorleads.com/landers/btcprofit-lp2/assets/21e4c22148417f878d48d69f8f3de344/flags/4x3/sa.svg]
[en.locatorleads.com/landers/btcprofit-lp2/assets/21e4c22148417f878d48d69f8f3de344/flags/1x1/sa.svg]
[en.locatorleads.com/landers/btcprofit-lp2/assets/21e4c22148417f878d48d69f8f3de344/flags/4x3/sb.svg]
[en.locatorleads.com/landers/btcprofit-lp2/assets/21e4c22148417f878d48d69f8f3de344/flags/1x1/sb.svg]
[en.locatorleads.com/landers/btcprofit-lp2/assets/21e4c22148417f878d48d69f8f3de344/flags/4x3/sc.svg]
[en.locatorleads.com/landers/btcprofit-lp2/assets/21e4c22148417f878d48d69f8f3de344/flags/1x1/sc.svg]
[en.locatorleads.com/landers/btcprofit-lp2/assets/21e4c22148417f878d48d69f8f3de344/flags/4x3/sd.svg]
[en.locatorleads.com/landers/btcprofit-lp2/assets/21e4c22148417f878d48d69f8f3de344/flags/1x1/sd.svg]
[en.locatorleads.com/landers/btcprofit-lp2/assets/21e4c22148417f878d48d69f8f3de344/flags/4x3/se.svg]
[en.locatorleads.com/landers/btcprofit-lp2/assets/21e4c22148417f878d48d69f8f3de344/flags/1x1/se.svg]
[en.locatorleads.com/landers/btcprofit-lp2/assets/21e4c22148417f878d48d69f8f3de344/flags/4x3/sg.svg]
[en.locatorleads.com/landers/btcprofit-lp2/assets/21e4c22148417f878d48d69f8f3de344/flags/1x1/sg.svg]
[en.locatorleads.com/landers/btcprofit-lp2/assets/21e4c22148417f878d48d69f8f3de344/flags/4x3/sh.svg]
[en.locatorleads.com/landers/btcprofit-lp2/assets/21e4c22148417f878d48d69f8f3de344/flags/1x1/sh.svg]
[en.locatorleads.com/landers/btcprofit-lp2/assets/21e4c22148417f878d48d69f8f3de344/flags/4x3/si.svg]
[en.locatorleads.com/landers/btcprofit-lp2/assets/21e4c22148417f878d48d69f8f3de344/flags/1x1/si.svg]
[en.locatorleads.com/landers/btcprofit-lp2/assets/21e4c22148417f878d48d69f8f3de344/flags/4x3/sj.svg]
[en.locatorleads.com/landers/btcprofit-lp2/assets/21e4c22148417f878d48d69f8f3de344/flags/1x1/sj.svg]
[en.locatorleads.com/landers/btcprofit-lp2/assets/21e4c22148417f878d48d69f8f3de344/flags/4x3/sk.svg]
[en.locatorleads.com/landers/btcprofit-lp2/assets/21e4c22148417f878d48d69f8f3de344/flags/1x1/sk.svg]
[en.locatorleads.com/landers/btcprofit-lp2/assets/21e4c22148417f878d48d69f8f3de344/flags/1x1/sl.svg]
[en.locatorleads.com/landers/btcprofit-lp2/assets/21e4c22148417f878d48d69f8f3de344/flags/4x3/sm.svg]
[en.locatorleads.com/landers/btcprofit-lp2/assets/21e4c22148417f878d48d69f8f3de344/flags/1x1/sm.svg]
[en.locatorleads.com/landers/btcprofit-lp2/assets/21e4c22148417f878d48d69f8f3de344/flags/4x3/sn.svg]
[en.locatorleads.com/landers/btcprofit-lp2/assets/21e4c22148417f878d48d69f8f3de344/flags/1x1/sn.svg]
[en.locatorleads.com/landers/btcprofit-lp2/assets/21e4c22148417f878d48d69f8f3de344/flags/4x3/so.svg]
[en.locatorleads.com/landers/btcprofit-lp2/assets/21e4c22148417f878d48d69f8f3de344/flags/1x1/so.svg]
[en.locatorleads.com/landers/btcprofit-lp2/assets/21e4c22148417f878d48d69f8f3de344/flags/4x3/sr.svg]
[en.locatorleads.com/landers/btcprofit-lp2/assets/21e4c22148417f878d48d69f8f3de344/flags/1x1/sr.svg]
[en.locatorleads.com/landers/btcprofit-lp2/assets/21e4c22148417f878d48d69f8f3de344/flags/4x3/ss.svg]
[en.locatorleads.com/landers/btcprofit-lp2/assets/21e4c22148417f878d48d69f8f3de344/flags/1x1/ss.svg]
[en.locatorleads.com/landers/btcprofit-lp2/assets/21e4c22148417f878d48d69f8f3de344/flags/4x3/st.svg]
[en.locatorleads.com/landers/btcprofit-lp2/assets/21e4c22148417f878d48d69f8f3de344/flags/1x1/st.svg]
[en.locatorleads.com/landers/btcprofit-lp2/assets/21e4c22148417f878d48d69f8f3de344/flags/4x3/sv.svg]
[en.locatorleads.com/landers/btcprofit-lp2/assets/21e4c22148417f878d48d69f8f3de344/flags/1x1/sv.svg]
[en.locatorleads.com/landers/btcprofit-lp2/assets/21e4c22148417f878d48d69f8f3de344/flags/4x3/sx.svg]
[en.locatorleads.com/landers/btcprofit-lp2/assets/21e4c22148417f878d48d69f8f3de344/flags/1x1/sx.svg]
[en.locatorleads.com/landers/btcprofit-lp2/assets/21e4c22148417f878d48d69f8f3de344/flags/4x3/sy.svg]
[en.locatorleads.com/landers/btcprofit-lp2/assets/21e4c22148417f878d48d69f8f3de344/flags/1x1/sy.svg]
[en.locatorleads.com/landers/btcprofit-lp2/assets/21e4c22148417f878d48d69f8f3de344/flags/4x3/sz.svg]
[en.locatorleads.com/landers/btcprofit-lp2/assets/21e4c22148417f878d48d69f8f3de344/flags/1x1/sz.svg]
[en.locatorleads.com/landers/btcprofit-lp2/assets/21e4c22148417f878d48d69f8f3de344/flags/4x3/tc.svg]
[en.locatorleads.com/landers/btcprofit-lp2/assets/21e4c22148417f878d48d69f8f3de344/flags/1x1/tc.svg]
[en.locatorleads.com/landers/btcprofit-lp2/assets/21e4c22148417f878d48d69f8f3de344/flags/4x3/tf.svg]
[en.locatorleads.com/landers/btcprofit-lp2/assets/21e4c22148417f878d48d69f8f3de344/flags/1x1/tf.svg]
[en.locatorleads.com/landers/btcprofit-lp2/assets/21e4c22148417f878d48d69f8f3de344/flags/4x3/tg.svg]
[en.locatorleads.com/landers/btcprofit-lp2/assets/21e4c22148417f878d48d69f8f3de344/flags/1x1/tg.svg]
[en.locatorleads.com/landers/btcprofit-lp2/assets/21e4c22148417f878d48d69f8f3de344/flags/4x3/tj.svg]
[en.locatorleads.com/landers/btcprofit-lp2/assets/21e4c22148417f878d48d69f8f3de344/flags/1x1/tj.svg]
[en.locatorleads.com/landers/btcprofit-lp2/assets/21e4c22148417f878d48d69f8f3de344/flags/4x3/tk.svg]
[en.locatorleads.com/landers/btcprofit-lp2/assets/21e4c22148417f878d48d69f8f3de344/flags/1x1/tk.svg]
[en.locatorleads.com/landers/btcprofit-lp2/assets/21e4c22148417f878d48d69f8f3de344/flags/4x3/tl.svg]
[en.locatorleads.com/landers/btcprofit-lp2/assets/21e4c22148417f878d48d69f8f3de344/flags/1x1/tl.svg]
[en.locatorleads.com/landers/btcprofit-lp2/assets/21e4c22148417f878d48d69f8f3de344/flags/4x3/tm.svg]
[en.locatorleads.com/landers/btcprofit-lp2/assets/21e4c22148417f878d48d69f8f3de344/flags/1x1/tm.svg]
[en.locatorleads.com/landers/btcprofit-lp2/assets/21e4c22148417f878d48d69f8f3de344/flags/4x3/tn.svg]
[en.locatorleads.com/landers/btcprofit-lp2/assets/21e4c22148417f878d48d69f8f3de344/flags/1x1/tn.svg]
[en.locatorleads.com/landers/btcprofit-lp2/assets/21e4c22148417f878d48d69f8f3de344/flags/4x3/to.svg]
[en.locatorleads.com/landers/btcprofit-lp2/assets/21e4c22148417f878d48d69f8f3de344/flags/1x1/to.svg]
[en.locatorleads.com/landers/btcprofit-lp2/assets/21e4c22148417f878d48d69f8f3de344/flags/4x3/tr.svg]
[en.locatorleads.com/landers/btcprofit-lp2/assets/21e4c22148417f878d48d69f8f3de344/flags/1x1/tr.svg]
[en.locatorleads.com/landers/btcprofit-lp2/assets/21e4c22148417f878d48d69f8f3de344/flags/4x3/tt.svg]
[en.locatorleads.com/landers/btcprofit-lp2/assets/21e4c22148417f878d48d69f8f3de344/flags/1x1/tt.svg]
[en.locatorleads.com/landers/btcprofit-lp2/assets/21e4c22148417f878d48d69f8f3de344/flags/4x3/tv.svg]
[en.locatorleads.com/landers/btcprofit-lp2/assets/21e4c22148417f878d48d69f8f3de344/flags/1x1/tv.svg]
[en.locatorleads.com/landers/btcprofit-lp2/assets/21e4c22148417f878d48d69f8f3de344/flags/4x3/tw.svg]
[en.locatorleads.com/landers/btcprofit-lp2/assets/21e4c22148417f878d48d69f8f3de344/flags/1x1/tw.svg]
[en.locatorleads.com/landers/btcprofit-lp2/assets/21e4c22148417f878d48d69f8f3de344/flags/4x3/tz.svg]
[en.locatorleads.com/landers/btcprofit-lp2/assets/21e4c22148417f878d48d69f8f3de344/flags/1x1/tz.svg]
[en.locatorleads.com/landers/btcprofit-lp2/assets/21e4c22148417f878d48d69f8f3de344/flags/4x3/ug.svg]
[en.locatorleads.com/landers/btcprofit-lp2/assets/21e4c22148417f878d48d69f8f3de344/flags/1x1/ug.svg]
[en.locatorleads.com/landers/btcprofit-lp2/assets/21e4c22148417f878d48d69f8f3de344/flags/4x3/um.svg]
[en.locatorleads.com/landers/btcprofit-lp2/assets/21e4c22148417f878d48d69f8f3de344/flags/1x1/um.svg]
[en.locatorleads.com/landers/btcprofit-lp2/assets/21e4c22148417f878d48d69f8f3de344/flags/4x3/us.svg]
[en.locatorleads.com/landers/btcprofit-lp2/assets/21e4c22148417f878d48d69f8f3de344/flags/1x1/us.svg]
[en.locatorleads.com/landers/btcprofit-lp2/assets/21e4c22148417f878d48d69f8f3de344/flags/4x3/uy.svg]
[en.locatorleads.com/landers/btcprofit-lp2/assets/21e4c22148417f878d48d69f8f3de344/flags/1x1/uy.svg]
[en.locatorleads.com/landers/btcprofit-lp2/assets/21e4c22148417f878d48d69f8f3de344/flags/4x3/uz.svg]
[en.locatorleads.com/landers/btcprofit-lp2/assets/21e4c22148417f878d48d69f8f3de344/flags/1x1/uz.svg]
[en.locatorleads.com/landers/btcprofit-lp2/assets/21e4c22148417f878d48d69f8f3de344/flags/4x3/va.svg]
[en.locatorleads.com/landers/btcprofit-lp2/assets/21e4c22148417f878d48d69f8f3de344/flags/1x1/va.svg]
[en.locatorleads.com/landers/btcprofit-lp2/assets/21e4c22148417f878d48d69f8f3de344/flags/4x3/vc.svg]
[en.locatorleads.com/landers/btcprofit-lp2/assets/21e4c22148417f878d48d69f8f3de344/flags/1x1/vc.svg]
[en.locatorleads.com/landers/btcprofit-lp2/assets/21e4c22148417f878d48d69f8f3de344/flags/4x3/ve.svg]
[en.locatorleads.com/landers/btcprofit-lp2/assets/21e4c22148417f878d48d69f8f3de344/flags/1x1/ve.svg]
[en.locatorleads.com/landers/btcprofit-lp2/assets/21e4c22148417f878d48d69f8f3de344/flags/4x3/vg.svg]
[en.locatorleads.com/landers/btcprofit-lp2/assets/21e4c22148417f878d48d69f8f3de344/flags/1x1/vg.svg]
[en.locatorleads.com/landers/btcprofit-lp2/assets/21e4c22148417f878d48d69f8f3de344/flags/4x3/vi.svg]
[en.locatorleads.com/landers/btcprofit-lp2/assets/21e4c22148417f878d48d69f8f3de344/flags/1x1/vi.svg]
[en.locatorleads.com/landers/btcprofit-lp2/assets/21e4c22148417f878d48d69f8f3de344/flags/4x3/vn.svg]
[en.locatorleads.com/landers/btcprofit-lp2/assets/21e4c22148417f878d48d69f8f3de344/flags/1x1/vn.svg]
[en.locatorleads.com/landers/btcprofit-lp2/assets/21e4c22148417f878d48d69f8f3de344/flags/4x3/vu.svg]
[en.locatorleads.com/landers/btcprofit-lp2/assets/21e4c22148417f878d48d69f8f3de344/flags/1x1/vu.svg]
[en.locatorleads.com/landers/btcprofit-lp2/assets/21e4c22148417f878d48d69f8f3de344/flags/4x3/ws.svg]
[en.locatorleads.com/landers/btcprofit-lp2/assets/21e4c22148417f878d48d69f8f3de344/flags/1x1/ws.svg]
[en.locatorleads.com/landers/btcprofit-lp2/assets/21e4c22148417f878d48d69f8f3de344/flags/4x3/za.svg]
[en.locatorleads.com/landers/btcprofit-lp2/assets/21e4c22148417f878d48d69f8f3de344/flags/1x1/za.svg]
[en.locatorleads.com/landers/btcprofit-lp2/assets/21e4c22148417f878d48d69f8f3de344/flags/4x3/zm.svg]
[en.locatorleads.com/landers/btcprofit-lp2/assets/21e4c22148417f878d48d69f8f3de344/flags/1x1/zm.svg]
[en.locatorleads.com/landers/btcprofit-lp2/assets/21e4c22148417f878d48d69f8f3de344/flags/4x3/zw.svg]
[en.locatorleads.com/landers/btcprofit-lp2/assets/21e4c22148417f878d48d69f8f3de344/flags/1x1/zw.svg]
[en.locatorleads.com/landers/btcprofit-lp2/assets/21e4c22148417f878d48d69f8f3de344/flags/4x3/eu.svg]
[en.locatorleads.com/landers/btcprofit-lp2/assets/21e4c22148417f878d48d69f8f3de344/flags/1x1/eu.svg]
[en.locatorleads.com/landers/btcprofit-lp2/assets/21e4c22148417f878d48d69f8f3de344/flags/4x3/gb-nir.svg]
[en.locatorleads.com/landers/btcprofit-lp2/assets/21e4c22148417f878d48d69f8f3de344/flags/1x1/gb-nir.svg]
[en.locatorleads.com/landers/btcprofit-lp2/assets/21e4c22148417f878d48d69f8f3de344/flags/4x3/gb-wls.svg]
[en.locatorleads.com/landers/btcprofit-lp2/assets/21e4c22148417f878d48d69f8f3de344/flags/1x1/gb-wls.svg]
[en.locatorleads.com/landers/btcprofit-lp2/assets/21e4c22148417f878d48d69f8f3de344/flags/4x3/un.svg]
[en.locatorleads.com/landers/btcprofit-lp2/assets/21e4c22148417f878d48d69f8f3de344/flags/1x1/un.svg]
[en.locatorleads.com/landers/btcprofit-lp2/assets/21e4c22148417f878d48d69f8f3de344/css/flag-icon.css]
[en.locatorleads.com/landers/btcprofit-lp2/img/section1bg.jpg]
[en.locatorleads.com/landers/btcprofit-lp2/img/section4bg.jpg]
[en.locatorleads.com/landers/btcprofit-lp2/img/testimonial1.jpg]
[en.locatorleads.com/landers/btcprofit-lp2/img/testimonial2.jpg]
[en.locatorleads.com/landers/btcprofit-lp2/img/testimonial3.jpg]
[en.locatorleads.com/landers/btcprofit-lp2/img/testimonial4.jpg]
[en.locatorleads.com/landers/btcprofit-lp2/img/testimonial5.jpg]
[en.locatorleads.com/landers/btcprofit-lp2/img/howitworks.jpg]
[en.locatorleads.com/landers/btcprofit-lp2/img/about/birth-bg.jpg]
[en.locatorleads.com/landers/btcprofit-lp2/img/no-scam/scam.png]
[en.locatorleads.com/landers/btcprofit-lp2/img/bg_1.png]
[en.locatorleads.com/landers/btcprofit-lp2/css/style.css]
[en.locatorleads.com/landers/btcprofit-lp2/index-2.html]
[en.locatorleads.com/landers/btcprofit-lp2/images/ie-logo-nav-desktop.html]
[en.locatorleads.com/landers/btcprofit-lp2/privacy_policy.html]
[en.locatorleads.com/landers/btcprofit-lp2/terms-and-conditions.html]
[channer-mottects.xyz/conversion.html]
[en.locatorleads.com/cdnjs.cloudflare.com/ajax/libs/fancybox/3.0.47/jquery.fancybox.min.html]
[en.locatorleads.com/cdnjs.cloudflare.com/ajax/libs/fancybox/3.0.47/jquery.fancybox.min-2.html]
[en.locatorleads.com/landers/btcprofit-lp2/assets/21e4c22148417f878d48d69f8f3de344/flags/4x3/ad.svg]
[en.locatorleads.com/landers/btcprofit-lp2/assets/21e4c22148417f878d48d69f8f3de344/flags/1x1/ad.svg]
[en.locatorleads.com/landers/btcprofit-lp2/assets/21e4c22148417f878d48d69f8f3de344/flags/4x3/ae.svg]
[en.locatorleads.com/landers/btcprofit-lp2/assets/21e4c22148417f878d48d69f8f3de344/flags/1x1/ae.svg]
[en.locatorleads.com/landers/btcprofit-lp2/assets/21e4c22148417f878d48d69f8f3de344/flags/4x3/af.svg]
[en.locatorleads.com/landers/btcprofit-lp2/assets/21e4c22148417f878d48d69f8f3de344/flags/1x1/af.svg]
[en.locatorleads.com/landers/btcprofit-lp2/assets/21e4c22148417f878d48d69f8f3de344/flags/4x3/ag.svg]
[en.locatorleads.com/landers/btcprofit-lp2/assets/21e4c22148417f878d48d69f8f3de344/flags/1x1/ag.svg]
[en.locatorleads.com/landers/btcprofit-lp2/assets/21e4c22148417f878d48d69f8f3de344/flags/4x3/ai.svg]
[en.locatorleads.com/landers/btcprofit-lp2/assets/21e4c22148417f878d48d69f8f3de344/flags/1x1/ai.svg]
[en.locatorleads.com/landers/btcprofit-lp2/assets/21e4c22148417f878d48d69f8f3de344/flags/4x3/al.svg]
[en.locatorleads.com/landers/btcprofit-lp2/assets/21e4c22148417f878d48d69f8f3de344/flags/1x1/al.svg]
[en.locatorleads.com/landers/btcprofit-lp2/assets/21e4c22148417f878d48d69f8f3de344/flags/4x3/am.svg]
[en.locatorleads.com/landers/btcprofit-lp2/assets/21e4c22148417f878d48d69f8f3de344/flags/1x1/am.svg]
[en.locatorleads.com/landers/btcprofit-lp2/assets/21e4c22148417f878d48d69f8f3de344/flags/4x3/ao.svg]
[en.locatorleads.com/landers/btcprofit-lp2/assets/21e4c22148417f878d48d69f8f3de344/flags/1x1/ao.svg]
[en.locatorleads.com/landers/btcprofit-lp2/assets/21e4c22148417f878d48d69f8f3de344/flags/4x3/aq.svg]
[en.locatorleads.com/landers/btcprofit-lp2/assets/21e4c22148417f878d48d69f8f3de344/flags/1x1/aq.svg]
[en.locatorleads.com/landers/btcprofit-lp2/assets/21e4c22148417f878d48d69f8f3de344/flags/4x3/ar.svg]
[en.locatorleads.com/landers/btcprofit-lp2/assets/21e4c22148417f878d48d69f8f3de344/flags/1x1/ar.svg]
[en.locatorleads.com/landers/btcprofit-lp2/assets/21e4c22148417f878d48d69f8f3de344/flags/4x3/as.svg]
[en.locatorleads.com/landers/btcprofit-lp2/assets/21e4c22148417f878d48d69f8f3de344/flags/1x1/as.svg]
[en.locatorleads.com/landers/btcprofit-lp2/assets/21e4c22148417f878d48d69f8f3de344/flags/4x3/at.svg]
[en.locatorleads.com/landers/btcprofit-lp2/assets/21e4c22148417f878d48d69f8f3de344/flags/1x1/at.svg]
[en.locatorleads.com/landers/btcprofit-lp2/assets/21e4c22148417f878d48d69f8f3de344/flags/4x3/au.svg]
[en.locatorleads.com/landers/btcprofit-lp2/assets/21e4c22148417f878d48d69f8f3de344/flags/1x1/au.svg]
[en.locatorleads.com/landers/btcprofit-lp2/assets/21e4c22148417f878d48d69f8f3de344/flags/4x3/aw.svg]
[en.locatorleads.com/landers/btcprofit-lp2/assets/21e4c22148417f878d48d69f8f3de344/flags/1x1/aw.svg]
[en.locatorleads.com/landers/btcprofit-lp2/assets/21e4c22148417f878d48d69f8f3de344/flags/4x3/ax.svg]
[en.locatorleads.com/landers/btcprofit-lp2/assets/21e4c22148417f878d48d69f8f3de344/flags/1x1/ax.svg]
[en.locatorleads.com/landers/btcprofit-lp2/assets/21e4c22148417f878d48d69f8f3de344/flags/4x3/az.svg]
[en.locatorleads.com/landers/btcprofit-lp2/assets/21e4c22148417f878d48d69f8f3de344/flags/1x1/az.svg]
[en.locatorleads.com/landers/btcprofit-lp2/assets/21e4c22148417f878d48d69f8f3de344/flags/4x3/ba.svg]
[en.locatorleads.com/landers/btcprofit-lp2/assets/21e4c22148417f878d48d69f8f3de344/flags/1x1/ba.svg]
[en.locatorleads.com/landers/btcprofit-lp2/assets/21e4c22148417f878d48d69f8f3de344/flags/4x3/bb.svg]
[en.locatorleads.com/landers/btcprofit-lp2/assets/21e4c22148417f878d48d69f8f3de344/flags/1x1/bb.svg]
[en.locatorleads.com/landers/btcprofit-lp2/assets/21e4c22148417f878d48d69f8f3de344/flags/4x3/bd.svg]
[en.locatorleads.com/landers/btcprofit-lp2/assets/21e4c22148417f878d48d69f8f3de344/flags/1x1/bd.svg]
[en.locatorleads.com/landers/btcprofit-lp2/assets/21e4c22148417f878d48d69f8f3de344/flags/4x3/be.svg]
[en.locatorleads.com/landers/btcprofit-lp2/assets/21e4c22148417f878d48d69f8f3de344/flags/1x1/be.svg]
[en.locatorleads.com/landers/btcprofit-lp2/assets/21e4c22148417f878d48d69f8f3de344/flags/4x3/bf.svg]
[en.locatorleads.com/landers/btcprofit-lp2/assets/21e4c22148417f878d48d69f8f3de344/flags/1x1/bf.svg]
[en.locatorleads.com/landers/btcprofit-lp2/assets/21e4c22148417f878d48d69f8f3de344/flags/4x3/bg.svg]
[en.locatorleads.com/landers/btcprofit-lp2/assets/21e4c22148417f878d48d69f8f3de344/flags/1x1/bg.svg]
[en.locatorleads.com/landers/btcprofit-lp2/assets/21e4c22148417f878d48d69f8f3de344/flags/4x3/bh.svg]
[en.locatorleads.com/landers/btcprofit-lp2/assets/21e4c22148417f878d48d69f8f3de344/flags/1x1/bh.svg]
[en.locatorleads.com/landers/btcprofit-lp2/assets/21e4c22148417f878d48d69f8f3de344/flags/4x3/bi.svg]
[en.locatorleads.com/landers/btcprofit-lp2/assets/21e4c22148417f878d48d69f8f3de344/flags/1x1/bi.svg]
[en.locatorleads.com/landers/btcprofit-lp2/assets/21e4c22148417f878d48d69f8f3de344/flags/4x3/bj.svg]
[en.locatorleads.com/landers/btcprofit-lp2/assets/21e4c22148417f878d48d69f8f3de344/flags/1x1/bj.svg]
[en.locatorleads.com/landers/btcprofit-lp2/assets/21e4c22148417f878d48d69f8f3de344/flags/4x3/bl.svg]
[en.locatorleads.com/landers/btcprofit-lp2/assets/21e4c22148417f878d48d69f8f3de344/flags/1x1/bl.svg]
[en.locatorleads.com/landers/btcprofit-lp2/assets/21e4c22148417f878d48d69f8f3de344/flags/4x3/bm.svg]
[en.locatorleads.com/landers/btcprofit-lp2/assets/21e4c22148417f878d48d69f8f3de344/flags/1x1/bm.svg]
[en.locatorleads.com/landers/btcprofit-lp2/assets/21e4c22148417f878d48d69f8f3de344/flags/4x3/bn.svg]
[en.locatorleads.com/landers/btcprofit-lp2/assets/21e4c22148417f878d48d69f8f3de344/flags/1x1/bn.svg]
[en.locatorleads.com/landers/btcprofit-lp2/assets/21e4c22148417f878d48d69f8f3de344/flags/4x3/bo.svg]
[en.locatorleads.com/landers/btcprofit-lp2/assets/21e4c22148417f878d48d69f8f3de344/flags/1x1/bo.svg]
[en.locatorleads.com/landers/btcprofit-lp2/assets/21e4c22148417f878d48d69f8f3de344/flags/4x3/bq.svg]
[en.locatorleads.com/landers/btcprofit-lp2/assets/21e4c22148417f878d48d69f8f3de344/flags/1x1/bq.svg]
[en.locatorleads.com/landers/btcprofit-lp2/assets/21e4c22148417f878d48d69f8f3de344/flags/4x3/br.svg]
[en.locatorleads.com/landers/btcprofit-lp2/assets/21e4c22148417f878d48d69f8f3de344/flags/1x1/br.svg]
[en.locatorleads.com/landers/btcprofit-lp2/assets/21e4c22148417f878d48d69f8f3de344/flags/4x3/bs.svg]
[en.locatorleads.com/landers/btcprofit-lp2/assets/21e4c22148417f878d48d69f8f3de344/flags/1x1/bs.svg]
[en.locatorleads.com/landers/btcprofit-lp2/assets/21e4c22148417f878d48d69f8f3de344/flags/4x3/bt.svg]
[en.locatorleads.com/landers/btcprofit-lp2/assets/21e4c22148417f878d48d69f8f3de344/flags/1x1/bt.svg]
[en.locatorleads.com/landers/btcprofit-lp2/assets/21e4c22148417f878d48d69f8f3de344/flags/4x3/bv.svg]
[en.locatorleads.com/landers/btcprofit-lp2/assets/21e4c22148417f878d48d69f8f3de344/flags/1x1/bv.svg]
[en.locatorleads.com/landers/btcprofit-lp2/assets/21e4c22148417f878d48d69f8f3de344/flags/4x3/bw.svg]
[en.locatorleads.com/landers/btcprofit-lp2/assets/21e4c22148417f878d48d69f8f3de344/flags/1x1/bw.svg]
[en.locatorleads.com/landers/btcprofit-lp2/assets/21e4c22148417f878d48d69f8f3de344/flags/4x3/by.svg]
[en.locatorleads.com/landers/btcprofit-lp2/assets/21e4c22148417f878d48d69f8f3de344/flags/1x1/by.svg]
[en.locatorleads.com/landers/btcprofit-lp2/assets/21e4c22148417f878d48d69f8f3de344/flags/4x3/bz.svg]
[en.locatorleads.com/landers/btcprofit-lp2/assets/21e4c22148417f878d48d69f8f3de344/flags/1x1/bz.svg]
[en.locatorleads.com/landers/btcprofit-lp2/assets/21e4c22148417f878d48d69f8f3de344/flags/4x3/ca.svg]
[en.locatorleads.com/landers/btcprofit-lp2/assets/21e4c22148417f878d48d69f8f3de344/flags/1x1/ca.svg]
[en.locatorleads.com/landers/btcprofit-lp2/assets/21e4c22148417f878d48d69f8f3de344/flags/4x3/cc.svg]
[en.locatorleads.com/landers/btcprofit-lp2/assets/21e4c22148417f878d48d69f8f3de344/flags/1x1/cc.svg]
[en.locatorleads.com/landers/btcprofit-lp2/assets/21e4c22148417f878d48d69f8f3de344/flags/4x3/cd.svg]
[en.locatorleads.com/landers/btcprofit-lp2/assets/21e4c22148417f878d48d69f8f3de344/flags/1x1/cd.svg]
[en.locatorleads.com/landers/btcprofit-lp2/assets/21e4c22148417f878d48d69f8f3de344/flags/4x3/cf.svg]
[en.locatorleads.com/landers/btcprofit-lp2/assets/21e4c22148417f878d48d69f8f3de344/flags/1x1/cf.svg]
[en.locatorleads.com/landers/btcprofit-lp2/assets/21e4c22148417f878d48d69f8f3de344/flags/4x3/cg.svg]
[en.locatorleads.com/landers/btcprofit-lp2/assets/21e4c22148417f878d48d69f8f3de344/flags/1x1/cg.svg]
[en.locatorleads.com/landers/btcprofit-lp2/assets/21e4c22148417f878d48d69f8f3de344/flags/4x3/ch.svg]
[en.locatorleads.com/landers/btcprofit-lp2/assets/21e4c22148417f878d48d69f8f3de344/flags/1x1/ch.svg]
[en.locatorleads.com/landers/btcprofit-lp2/assets/21e4c22148417f878d48d69f8f3de344/flags/4x3/ci.svg]
[en.locatorleads.com/landers/btcprofit-lp2/assets/21e4c22148417f878d48d69f8f3de344/flags/1x1/ci.svg]
[en.locatorleads.com/landers/btcprofit-lp2/assets/21e4c22148417f878d48d69f8f3de344/flags/4x3/ck.svg]
[en.locatorleads.com/landers/btcprofit-lp2/assets/21e4c22148417f878d48d69f8f3de344/flags/1x1/ck.svg]
[en.locatorleads.com/landers/btcprofit-lp2/assets/21e4c22148417f878d48d69f8f3de344/flags/4x3/cl.svg]
[en.locatorleads.com/landers/btcprofit-lp2/assets/21e4c22148417f878d48d69f8f3de344/flags/1x1/cl.svg]
[en.locatorleads.com/landers/btcprofit-lp2/assets/21e4c22148417f878d48d69f8f3de344/flags/4x3/cm.svg]
[en.locatorleads.com/landers/btcprofit-lp2/assets/21e4c22148417f878d48d69f8f3de344/flags/1x1/cm.svg]
[en.locatorleads.com/landers/btcprofit-lp2/assets/21e4c22148417f878d48d69f8f3de344/flags/4x3/cn.svg]
[en.locatorleads.com/landers/btcprofit-lp2/assets/21e4c22148417f878d48d69f8f3de344/flags/1x1/cn.svg]
[en.locatorleads.com/landers/btcprofit-lp2/assets/21e4c22148417f878d48d69f8f3de344/flags/4x3/co.svg]
[en.locatorleads.com/landers/btcprofit-lp2/assets/21e4c22148417f878d48d69f8f3de344/flags/1x1/co.svg]
[en.locatorleads.com/landers/btcprofit-lp2/assets/21e4c22148417f878d48d69f8f3de344/flags/4x3/cr.svg]
[en.locatorleads.com/landers/btcprofit-lp2/assets/21e4c22148417f878d48d69f8f3de344/flags/1x1/cr.svg]
[en.locatorleads.com/landers/btcprofit-lp2/assets/21e4c22148417f878d48d69f8f3de344/flags/4x3/cu.svg]
[en.locatorleads.com/landers/btcprofit-lp2/assets/21e4c22148417f878d48d69f8f3de344/flags/1x1/cu.svg]
[en.locatorleads.com/landers/btcprofit-lp2/assets/21e4c22148417f878d48d69f8f3de344/flags/4x3/cv.svg]
[en.locatorleads.com/landers/btcprofit-lp2/assets/21e4c22148417f878d48d69f8f3de344/flags/1x1/cv.svg]
[en.locatorleads.com/landers/btcprofit-lp2/assets/21e4c22148417f878d48d69f8f3de344/flags/4x3/cw.svg]
[en.locatorleads.com/landers/btcprofit-lp2/assets/21e4c22148417f878d48d69f8f3de344/flags/1x1/cw.svg]
[en.locatorleads.com/landers/btcprofit-lp2/assets/21e4c22148417f878d48d69f8f3de344/flags/4x3/cx.svg]
[en.locatorleads.com/landers/btcprofit-lp2/assets/21e4c22148417f878d48d69f8f3de344/flags/1x1/cx.svg]
[en.locatorleads.com/landers/btcprofit-lp2/assets/21e4c22148417f878d48d69f8f3de344/flags/4x3/cy.svg]
[en.locatorleads.com/landers/btcprofit-lp2/assets/21e4c22148417f878d48d69f8f3de344/flags/1x1/cy.svg]
[en.locatorleads.com/landers/btcprofit-lp2/assets/21e4c22148417f878d48d69f8f3de344/flags/4x3/cz.svg]
[en.locatorleads.com/landers/btcprofit-lp2/assets/21e4c22148417f878d48d69f8f3de344/flags/1x1/cz.svg]
[en.locatorleads.com/landers/btcprofit-lp2/assets/21e4c22148417f878d48d69f8f3de344/flags/4x3/de.svg]
[en.locatorleads.com/landers/btcprofit-lp2/assets/21e4c22148417f878d48d69f8f3de344/flags/1x1/de.svg]
[en.locatorleads.com/landers/btcprofit-lp2/assets/21e4c22148417f878d48d69f8f3de344/flags/4x3/dj.svg]
[en.locatorleads.com/landers/btcprofit-lp2/assets/21e4c22148417f878d48d69f8f3de344/flags/1x1/dj.svg]
[en.locatorleads.com/landers/btcprofit-lp2/assets/21e4c22148417f878d48d69f8f3de344/flags/4x3/dk.svg]
[en.locatorleads.com/landers/btcprofit-lp2/assets/21e4c22148417f878d48d69f8f3de344/flags/1x1/dk.svg]
[en.locatorleads.com/landers/btcprofit-lp2/assets/21e4c22148417f878d48d69f8f3de344/flags/4x3/dm.svg]
[en.locatorleads.com/landers/btcprofit-lp2/assets/21e4c22148417f878d48d69f8f3de344/flags/1x1/dm.svg]
[en.locatorleads.com/landers/btcprofit-lp2/assets/21e4c22148417f878d48d69f8f3de344/flags/4x3/do.svg]
[en.locatorleads.com/landers/btcprofit-lp2/assets/21e4c22148417f878d48d69f8f3de344/flags/1x1/do.svg]
[en.locatorleads.com/landers/btcprofit-lp2/assets/21e4c22148417f878d48d69f8f3de344/flags/4x3/dz.svg]
[en.locatorleads.com/landers/btcprofit-lp2/assets/21e4c22148417f878d48d69f8f3de344/flags/1x1/dz.svg]
[en.locatorleads.com/landers/btcprofit-lp2/assets/21e4c22148417f878d48d69f8f3de344/flags/4x3/ec.svg]
[en.locatorleads.com/landers/btcprofit-lp2/assets/21e4c22148417f878d48d69f8f3de344/flags/1x1/ec.svg]
[en.locatorleads.com/landers/btcprofit-lp2/assets/21e4c22148417f878d48d69f8f3de344/flags/4x3/ee.svg]
[en.locatorleads.com/landers/btcprofit-lp2/assets/21e4c22148417f878d48d69f8f3de344/flags/1x1/ee.svg]
[en.locatorleads.com/landers/btcprofit-lp2/assets/21e4c22148417f878d48d69f8f3de344/flags/4x3/eg.svg]
[en.locatorleads.com/landers/btcprofit-lp2/assets/21e4c22148417f878d48d69f8f3de344/flags/1x1/eg.svg]
[en.locatorleads.com/landers/btcprofit-lp2/assets/21e4c22148417f878d48d69f8f3de344/flags/4x3/eh.svg]
[en.locatorleads.com/landers/btcprofit-lp2/assets/21e4c22148417f878d48d69f8f3de344/flags/1x1/eh.svg]
[en.locatorleads.com/landers/btcprofit-lp2/assets/21e4c22148417f878d48d69f8f3de344/flags/4x3/er.svg]
[en.locatorleads.com/landers/btcprofit-lp2/assets/21e4c22148417f878d48d69f8f3de344/flags/1x1/er.svg]
[en.locatorleads.com/landers/btcprofit-lp2/assets/21e4c22148417f878d48d69f8f3de344/flags/4x3/es.svg]
[en.locatorleads.com/landers/btcprofit-lp2/assets/21e4c22148417f878d48d69f8f3de344/flags/1x1/es.svg]
[en.locatorleads.com/landers/btcprofit-lp2/assets/21e4c22148417f878d48d69f8f3de344/flags/4x3/et.svg]
[en.locatorleads.com/landers/btcprofit-lp2/assets/21e4c22148417f878d48d69f8f3de344/flags/1x1/et.svg]
[en.locatorleads.com/landers/btcprofit-lp2/assets/21e4c22148417f878d48d69f8f3de344/flags/4x3/fi.svg]
[en.locatorleads.com/landers/btcprofit-lp2/assets/21e4c22148417f878d48d69f8f3de344/flags/1x1/fi.svg]
[en.locatorleads.com/landers/btcprofit-lp2/assets/21e4c22148417f878d48d69f8f3de344/flags/4x3/fj.svg]
[en.locatorleads.com/landers/btcprofit-lp2/assets/21e4c22148417f878d48d69f8f3de344/flags/1x1/fj.svg]
[en.locatorleads.com/landers/btcprofit-lp2/assets/21e4c22148417f878d48d69f8f3de344/flags/4x3/fk.svg]
[en.locatorleads.com/landers/btcprofit-lp2/assets/21e4c22148417f878d48d69f8f3de344/flags/1x1/fk.svg]
[en.locatorleads.com/landers/btcprofit-lp2/assets/21e4c22148417f878d48d69f8f3de344/flags/4x3/fm.svg]
[en.locatorleads.com/landers/btcprofit-lp2/assets/21e4c22148417f878d48d69f8f3de344/flags/1x1/fm.svg]
[en.locatorleads.com/landers/btcprofit-lp2/assets/21e4c22148417f878d48d69f8f3de344/flags/4x3/fo.svg]
[en.locatorleads.com/landers/btcprofit-lp2/assets/21e4c22148417f878d48d69f8f3de344/flags/1x1/fo.svg]
[en.locatorleads.com/landers/btcprofit-lp2/assets/21e4c22148417f878d48d69f8f3de344/flags/4x3/fr.svg]
[en.locatorleads.com/landers/btcprofit-lp2/assets/21e4c22148417f878d48d69f8f3de344/flags/1x1/fr.svg]
[en.locatorleads.com/landers/btcprofit-lp2/assets/21e4c22148417f878d48d69f8f3de344/flags/4x3/ga.svg]
[en.locatorleads.com/landers/btcprofit-lp2/assets/21e4c22148417f878d48d69f8f3de344/flags/1x1/ga.svg]
[en.locatorleads.com/landers/btcprofit-lp2/assets/21e4c22148417f878d48d69f8f3de344/flags/4x3/gb.svg]
[en.locatorleads.com/landers/btcprofit-lp2/assets/21e4c22148417f878d48d69f8f3de344/flags/1x1/gb.svg]
[en.locatorleads.com/landers/btcprofit-lp2/assets/21e4c22148417f878d48d69f8f3de344/flags/4x3/gd.svg]
[en.locatorleads.com/landers/btcprofit-lp2/assets/21e4c22148417f878d48d69f8f3de344/flags/1x1/gd.svg]
[en.locatorleads.com/landers/btcprofit-lp2/assets/21e4c22148417f878d48d69f8f3de344/flags/4x3/ge.svg]
[en.locatorleads.com/landers/btcprofit-lp2/assets/21e4c22148417f878d48d69f8f3de344/flags/1x1/ge.svg]
[en.locatorleads.com/landers/btcprofit-lp2/assets/21e4c22148417f878d48d69f8f3de344/flags/4x3/gf.svg]
[en.locatorleads.com/landers/btcprofit-lp2/assets/21e4c22148417f878d48d69f8f3de344/flags/1x1/gf.svg]
[en.locatorleads.com/landers/btcprofit-lp2/assets/21e4c22148417f878d48d69f8f3de344/flags/4x3/gg.svg]
[en.locatorleads.com/landers/btcprofit-lp2/assets/21e4c22148417f878d48d69f8f3de344/flags/1x1/gg.svg]
[en.locatorleads.com/landers/btcprofit-lp2/assets/21e4c22148417f878d48d69f8f3de344/flags/4x3/gh.svg]
[en.locatorleads.com/landers/btcprofit-lp2/assets/21e4c22148417f878d48d69f8f3de344/flags/1x1/gh.svg]
[en.locatorleads.com/landers/btcprofit-lp2/assets/21e4c22148417f878d48d69f8f3de344/flags/4x3/gi.svg]
[en.locatorleads.com/landers/btcprofit-lp2/assets/21e4c22148417f878d48d69f8f3de344/flags/1x1/gi.svg]
[en.locatorleads.com/landers/btcprofit-lp2/assets/21e4c22148417f878d48d69f8f3de344/flags/4x3/gl.svg]
[en.locatorleads.com/landers/btcprofit-lp2/assets/21e4c22148417f878d48d69f8f3de344/flags/1x1/gl.svg]
[en.locatorleads.com/landers/btcprofit-lp2/assets/21e4c22148417f878d48d69f8f3de344/flags/4x3/gm.svg]
[en.locatorleads.com/landers/btcprofit-lp2/assets/21e4c22148417f878d48d69f8f3de344/flags/1x1/gm.svg]
[en.locatorleads.com/landers/btcprofit-lp2/assets/21e4c22148417f878d48d69f8f3de344/flags/4x3/gn.svg]
[en.locatorleads.com/landers/btcprofit-lp2/assets/21e4c22148417f878d48d69f8f3de344/flags/1x1/gn.svg]
[en.locatorleads.com/landers/btcprofit-lp2/assets/21e4c22148417f878d48d69f8f3de344/flags/4x3/gp.svg]
[en.locatorleads.com/landers/btcprofit-lp2/assets/21e4c22148417f878d48d69f8f3de344/flags/1x1/gp.svg]
[en.locatorleads.com/landers/btcprofit-lp2/assets/21e4c22148417f878d48d69f8f3de344/flags/4x3/gq.svg]
[en.locatorleads.com/landers/btcprofit-lp2/assets/21e4c22148417f878d48d69f8f3de344/flags/1x1/gq.svg]
[en.locatorleads.com/landers/btcprofit-lp2/assets/21e4c22148417f878d48d69f8f3de344/flags/4x3/gr.svg]
[en.locatorleads.com/landers/btcprofit-lp2/assets/21e4c22148417f878d48d69f8f3de344/flags/1x1/gr.svg]
[en.locatorleads.com/landers/btcprofit-lp2/assets/21e4c22148417f878d48d69f8f3de344/flags/4x3/gs.svg]
[en.locatorleads.com/landers/btcprofit-lp2/assets/21e4c22148417f878d48d69f8f3de344/flags/1x1/gs.svg]
[en.locatorleads.com/landers/btcprofit-lp2/assets/21e4c22148417f878d48d69f8f3de344/flags/4x3/gt.svg]
[en.locatorleads.com/landers/btcprofit-lp2/assets/21e4c22148417f878d48d69f8f3de344/flags/1x1/gt.svg]
[en.locatorleads.com/landers/btcprofit-lp2/assets/21e4c22148417f878d48d69f8f3de344/flags/4x3/gu.svg]
[en.locatorleads.com/landers/btcprofit-lp2/assets/21e4c22148417f878d48d69f8f3de344/flags/1x1/gu.svg]
[en.locatorleads.com/landers/btcprofit-lp2/assets/21e4c22148417f878d48d69f8f3de344/flags/4x3/gw.svg]
[en.locatorleads.com/landers/btcprofit-lp2/assets/21e4c22148417f878d48d69f8f3de344/flags/1x1/gw.svg]
[en.locatorleads.com/landers/btcprofit-lp2/assets/21e4c22148417f878d48d69f8f3de344/flags/4x3/gy.svg]
[en.locatorleads.com/landers/btcprofit-lp2/assets/21e4c22148417f878d48d69f8f3de344/flags/1x1/gy.svg]
[en.locatorleads.com/landers/btcprofit-lp2/assets/21e4c22148417f878d48d69f8f3de344/flags/4x3/hk.svg]
[en.locatorleads.com/landers/btcprofit-lp2/assets/21e4c22148417f878d48d69f8f3de344/flags/1x1/hk.svg]
[en.locatorleads.com/landers/btcprofit-lp2/assets/21e4c22148417f878d48d69f8f3de344/flags/4x3/hm.svg]
[en.locatorleads.com/landers/btcprofit-lp2/assets/21e4c22148417f878d48d69f8f3de344/flags/1x1/hm.svg]
[en.locatorleads.com/landers/btcprofit-lp2/assets/21e4c22148417f878d48d69f8f3de344/flags/4x3/hn.svg]
[en.locatorleads.com/landers/btcprofit-lp2/assets/21e4c22148417f878d48d69f8f3de344/flags/1x1/hn.svg]
[en.locatorleads.com/landers/btcprofit-lp2/assets/21e4c22148417f878d48d69f8f3de344/flags/4x3/hr.svg]
[en.locatorleads.com/landers/btcprofit-lp2/assets/21e4c22148417f878d48d69f8f3de344/flags/1x1/hr.svg]
[en.locatorleads.com/landers/btcprofit-lp2/assets/21e4c22148417f878d48d69f8f3de344/flags/4x3/ht.svg]
[en.locatorleads.com/landers/btcprofit-lp2/assets/21e4c22148417f878d48d69f8f3de344/flags/1x1/ht.svg]
[en.locatorleads.com/landers/btcprofit-lp2/assets/21e4c22148417f878d48d69f8f3de344/flags/4x3/hu.svg]
[en.locatorleads.com/landers/btcprofit-lp2/assets/21e4c22148417f878d48d69f8f3de344/flags/1x1/hu.svg]
[en.locatorleads.com/landers/btcprofit-lp2/assets/21e4c22148417f878d48d69f8f3de344/flags/4x3/id.svg]
[en.locatorleads.com/landers/btcprofit-lp2/assets/21e4c22148417f878d48d69f8f3de344/flags/1x1/id.svg]
[en.locatorleads.com/landers/btcprofit-lp2/assets/21e4c22148417f878d48d69f8f3de344/flags/4x3/ie.svg]
[en.locatorleads.com/landers/btcprofit-lp2/assets/21e4c22148417f878d48d69f8f3de344/flags/1x1/ie.svg]
[en.locatorleads.com/landers/btcprofit-lp2/assets/21e4c22148417f878d48d69f8f3de344/flags/4x3/il.svg]
[en.locatorleads.com/landers/btcprofit-lp2/assets/21e4c22148417f878d48d69f8f3de344/flags/1x1/il.svg]
[en.locatorleads.com/landers/btcprofit-lp2/assets/21e4c22148417f878d48d69f8f3de344/flags/4x3/im.svg]
[en.locatorleads.com/landers/btcprofit-lp2/assets/21e4c22148417f878d48d69f8f3de344/flags/1x1/im.svg]
[en.locatorleads.com/landers/btcprofit-lp2/assets/21e4c22148417f878d48d69f8f3de344/flags/4x3/in.svg]
[en.locatorleads.com/landers/btcprofit-lp2/assets/21e4c22148417f878d48d69f8f3de344/flags/1x1/in.svg]
[en.locatorleads.com/landers/btcprofit-lp2/assets/21e4c22148417f878d48d69f8f3de344/flags/4x3/io.svg]
[en.locatorleads.com/landers/btcprofit-lp2/assets/21e4c22148417f878d48d69f8f3de344/flags/1x1/io.svg]
[en.locatorleads.com/landers/btcprofit-lp2/assets/21e4c22148417f878d48d69f8f3de344/flags/4x3/iq.svg]
[en.locatorleads.com/landers/btcprofit-lp2/assets/21e4c22148417f878d48d69f8f3de344/flags/1x1/iq.svg]
[en.locatorleads.com/landers/btcprofit-lp2/assets/21e4c22148417f878d48d69f8f3de344/flags/4x3/ir.svg]
[en.locatorleads.com/landers/btcprofit-lp2/assets/21e4c22148417f878d48d69f8f3de344/flags/1x1/ir.svg]
[en.locatorleads.com/landers/btcprofit-lp2/assets/21e4c22148417f878d48d69f8f3de344/flags/4x3/is.svg]
[en.locatorleads.com/landers/btcprofit-lp2/assets/21e4c22148417f878d48d69f8f3de344/flags/1x1/is.svg]
[en.locatorleads.com/landers/btcprofit-lp2/assets/21e4c22148417f878d48d69f8f3de344/flags/4x3/it.svg]
[en.locatorleads.com/landers/btcprofit-lp2/assets/21e4c22148417f878d48d69f8f3de344/flags/1x1/it.svg]
[en.locatorleads.com/landers/btcprofit-lp2/assets/21e4c22148417f878d48d69f8f3de344/flags/4x3/je.svg]
[en.locatorleads.com/landers/btcprofit-lp2/assets/21e4c22148417f878d48d69f8f3de344/flags/1x1/je.svg]
[en.locatorleads.com/landers/btcprofit-lp2/assets/21e4c22148417f878d48d69f8f3de344/flags/4x3/jm.svg]
[en.locatorleads.com/landers/btcprofit-lp2/assets/21e4c22148417f878d48d69f8f3de344/flags/1x1/jm.svg]
[en.locatorleads.com/landers/btcprofit-lp2/assets/21e4c22148417f878d48d69f8f3de344/flags/4x3/jo.svg]
[en.locatorleads.com/landers/btcprofit-lp2/assets/21e4c22148417f878d48d69f8f3de344/flags/1x1/jo.svg]
[en.locatorleads.com/landers/btcprofit-lp2/assets/21e4c22148417f878d48d69f8f3de344/flags/4x3/jp.svg]
[en.locatorleads.com/landers/btcprofit-lp2/assets/21e4c22148417f878d48d69f8f3de344/flags/1x1/jp.svg]
[en.locatorleads.com/landers/btcprofit-lp2/assets/21e4c22148417f878d48d69f8f3de344/flags/4x3/ke.svg]
[en.locatorleads.com/landers/btcprofit-lp2/assets/21e4c22148417f878d48d69f8f3de344/flags/1x1/ke.svg]
[en.locatorleads.com/landers/btcprofit-lp2/assets/21e4c22148417f878d48d69f8f3de344/flags/4x3/kg.svg]
[en.locatorleads.com/landers/btcprofit-lp2/assets/21e4c22148417f878d48d69f8f3de344/flags/1x1/kg.svg]
[en.locatorleads.com/landers/btcprofit-lp2/assets/21e4c22148417f878d48d69f8f3de344/flags/4x3/kh.svg]
[en.locatorleads.com/landers/btcprofit-lp2/assets/21e4c22148417f878d48d69f8f3de344/flags/1x1/kh.svg]
[en.locatorleads.com/landers/btcprofit-lp2/assets/21e4c22148417f878d48d69f8f3de344/flags/4x3/ki.svg]
[en.locatorleads.com/landers/btcprofit-lp2/assets/21e4c22148417f878d48d69f8f3de344/flags/1x1/ki.svg]
[en.locatorleads.com/landers/btcprofit-lp2/assets/21e4c22148417f878d48d69f8f3de344/flags/4x3/km.svg]
[en.locatorleads.com/landers/btcprofit-lp2/assets/21e4c22148417f878d48d69f8f3de344/flags/1x1/km.svg]
[en.locatorleads.com/landers/btcprofit-lp2/assets/21e4c22148417f878d48d69f8f3de344/flags/4x3/kn.svg]
[en.locatorleads.com/landers/btcprofit-lp2/assets/21e4c22148417f878d48d69f8f3de344/flags/1x1/kn.svg]
[en.locatorleads.com/landers/btcprofit-lp2/assets/21e4c22148417f878d48d69f8f3de344/flags/4x3/kp.svg]
[en.locatorleads.com/landers/btcprofit-lp2/assets/21e4c22148417f878d48d69f8f3de344/flags/1x1/kp.svg]
[en.locatorleads.com/landers/btcprofit-lp2/assets/21e4c22148417f878d48d69f8f3de344/flags/4x3/kr.svg]
[en.locatorleads.com/landers/btcprofit-lp2/assets/21e4c22148417f878d48d69f8f3de344/flags/1x1/kr.svg]
[en.locatorleads.com/landers/btcprofit-lp2/assets/21e4c22148417f878d48d69f8f3de344/flags/4x3/kw.svg]
[en.locatorleads.com/landers/btcprofit-lp2/assets/21e4c22148417f878d48d69f8f3de344/flags/1x1/kw.svg]
[en.locatorleads.com/landers/btcprofit-lp2/assets/21e4c22148417f878d48d69f8f3de344/flags/4x3/ky.svg]
[en.locatorleads.com/landers/btcprofit-lp2/assets/21e4c22148417f878d48d69f8f3de344/flags/1x1/ky.svg]
[en.locatorleads.com/landers/btcprofit-lp2/assets/21e4c22148417f878d48d69f8f3de344/flags/4x3/kz.svg]
[en.locatorleads.com/landers/btcprofit-lp2/assets/21e4c22148417f878d48d69f8f3de344/flags/1x1/kz.svg]
[en.locatorleads.com/landers/btcprofit-lp2/assets/21e4c22148417f878d48d69f8f3de344/flags/4x3/la.svg]
[en.locatorleads.com/landers/btcprofit-lp2/assets/21e4c22148417f878d48d69f8f3de344/flags/1x1/la.svg]
[en.locatorleads.com/landers/btcprofit-lp2/assets/21e4c22148417f878d48d69f8f3de344/flags/4x3/lb.svg]
[en.locatorleads.com/landers/btcprofit-lp2/assets/21e4c22148417f878d48d69f8f3de344/flags/1x1/lb.svg]
[en.locatorleads.com/landers/btcprofit-lp2/assets/21e4c22148417f878d48d69f8f3de344/flags/4x3/lc.svg]
[en.locatorleads.com/landers/btcprofit-lp2/assets/21e4c22148417f878d48d69f8f3de344/flags/1x1/lc.svg]
[en.locatorleads.com/landers/btcprofit-lp2/assets/21e4c22148417f878d48d69f8f3de344/flags/4x3/li.svg]
[en.locatorleads.com/landers/btcprofit-lp2/assets/21e4c22148417f878d48d69f8f3de344/flags/1x1/li.svg]
[en.locatorleads.com/landers/btcprofit-lp2/assets/21e4c22148417f878d48d69f8f3de344/flags/4x3/lk.svg]
[en.locatorleads.com/landers/btcprofit-lp2/assets/21e4c22148417f878d48d69f8f3de344/flags/1x1/lk.svg]
[en.locatorleads.com/landers/btcprofit-lp2/assets/21e4c22148417f878d48d69f8f3de344/flags/4x3/lr.svg]
[en.locatorleads.com/landers/btcprofit-lp2/assets/21e4c22148417f878d48d69f8f3de344/flags/1x1/lr.svg]
[en.locatorleads.com/landers/btcprofit-lp2/assets/21e4c22148417f878d48d69f8f3de344/flags/4x3/ls.svg]
[en.locatorleads.com/landers/btcprofit-lp2/assets/21e4c22148417f878d48d69f8f3de344/flags/1x1/ls.svg]
[en.locatorleads.com/landers/btcprofit-lp2/assets/21e4c22148417f878d48d69f8f3de344/flags/4x3/lt.svg]
[en.locatorleads.com/landers/btcprofit-lp2/assets/21e4c22148417f878d48d69f8f3de344/flags/1x1/lt.svg]
[en.locatorleads.com/landers/btcprofit-lp2/assets/21e4c22148417f878d48d69f8f3de344/flags/4x3/lu.svg]
[en.locatorleads.com/landers/btcprofit-lp2/assets/21e4c22148417f878d48d69f8f3de344/flags/1x1/lu.svg]
[en.locatorleads.com/landers/btcprofit-lp2/assets/21e4c22148417f878d48d69f8f3de344/flags/4x3/lv.svg]
[en.locatorleads.com/landers/btcprofit-lp2/assets/21e4c22148417f878d48d69f8f3de344/flags/1x1/lv.svg]
[en.locatorleads.com/landers/btcprofit-lp2/assets/21e4c22148417f878d48d69f8f3de344/flags/4x3/ly.svg]
[en.locatorleads.com/landers/btcprofit-lp2/assets/21e4c22148417f878d48d69f8f3de344/flags/1x1/ly.svg]
[en.locatorleads.com/landers/btcprofit-lp2/assets/21e4c22148417f878d48d69f8f3de344/flags/4x3/ma.svg]
[en.locatorleads.com/landers/btcprofit-lp2/assets/21e4c22148417f878d48d69f8f3de344/flags/1x1/ma.svg]
[en.locatorleads.com/landers/btcprofit-lp2/assets/21e4c22148417f878d48d69f8f3de344/flags/4x3/mc.svg]
[en.locatorleads.com/landers/btcprofit-lp2/assets/21e4c22148417f878d48d69f8f3de344/flags/1x1/mc.svg]
[en.locatorleads.com/landers/btcprofit-lp2/assets/21e4c22148417f878d48d69f8f3de344/flags/4x3/md.svg]
[en.locatorleads.com/landers/btcprofit-lp2/assets/21e4c22148417f878d48d69f8f3de344/flags/1x1/md.svg]
[en.locatorleads.com/landers/btcprofit-lp2/assets/21e4c22148417f878d48d69f8f3de344/flags/4x3/me.svg]
[en.locatorleads.com/landers/btcprofit-lp2/assets/21e4c22148417f878d48d69f8f3de344/flags/1x1/me.svg]
[en.locatorleads.com/landers/btcprofit-lp2/assets/21e4c22148417f878d48d69f8f3de344/flags/4x3/mf.svg]
[en.locatorleads.com/landers/btcprofit-lp2/assets/21e4c22148417f878d48d69f8f3de344/flags/1x1/mf.svg]
[en.locatorleads.com/landers/btcprofit-lp2/assets/21e4c22148417f878d48d69f8f3de344/flags/4x3/mg.svg]
[en.locatorleads.com/landers/btcprofit-lp2/assets/21e4c22148417f878d48d69f8f3de344/flags/1x1/mg.svg]
[en.locatorleads.com/landers/btcprofit-lp2/assets/21e4c22148417f878d48d69f8f3de344/flags/4x3/mh.svg]
[en.locatorleads.com/landers/btcprofit-lp2/assets/21e4c22148417f878d48d69f8f3de344/flags/1x1/mh.svg]
[en.locatorleads.com/landers/btcprofit-lp2/assets/21e4c22148417f878d48d69f8f3de344/flags/4x3/mk.svg]
[en.locatorleads.com/landers/btcprofit-lp2/assets/21e4c22148417f878d48d69f8f3de344/flags/1x1/mk.svg]
[en.locatorleads.com/landers/btcprofit-lp2/assets/21e4c22148417f878d48d69f8f3de344/flags/4x3/ml.svg]
[en.locatorleads.com/landers/btcprofit-lp2/assets/21e4c22148417f878d48d69f8f3de344/flags/1x1/ml.svg]
[en.locatorleads.com/landers/btcprofit-lp2/assets/21e4c22148417f878d48d69f8f3de344/flags/4x3/mm.svg]
[en.locatorleads.com/landers/btcprofit-lp2/assets/21e4c22148417f878d48d69f8f3de344/flags/1x1/mm.svg]
[en.locatorleads.com/landers/btcprofit-lp2/assets/21e4c22148417f878d48d69f8f3de344/flags/4x3/mn.svg]
[en.locatorleads.com/landers/btcprofit-lp2/assets/21e4c22148417f878d48d69f8f3de344/flags/1x1/mn.svg]
[en.locatorleads.com/landers/btcprofit-lp2/assets/21e4c22148417f878d48d69f8f3de344/flags/4x3/mo.svg]
[en.locatorleads.com/landers/btcprofit-lp2/assets/21e4c22148417f878d48d69f8f3de344/flags/1x1/mo.svg]
[en.locatorleads.com/landers/btcprofit-lp2/assets/21e4c22148417f878d48d69f8f3de344/flags/4x3/mp.svg]
[en.locatorleads.com/landers/btcprofit-lp2/assets/21e4c22148417f878d48d69f8f3de344/flags/1x1/mp.svg]
[en.locatorleads.com/landers/btcprofit-lp2/assets/21e4c22148417f878d48d69f8f3de344/flags/4x3/mq.svg]
[en.locatorleads.com/landers/btcprofit-lp2/assets/21e4c22148417f878d48d69f8f3de344/flags/1x1/mq.svg]
[en.locatorleads.com/landers/btcprofit-lp2/assets/21e4c22148417f878d48d69f8f3de344/flags/4x3/mr.svg]
[en.locatorleads.com/landers/btcprofit-lp2/assets/21e4c22148417f878d48d69f8f3de344/flags/1x1/mr.svg]
[en.locatorleads.com/landers/btcprofit-lp2/assets/21e4c22148417f878d48d69f8f3de344/flags/4x3/ms.svg]
[en.locatorleads.com/landers/btcprofit-lp2/assets/21e4c22148417f878d48d69f8f3de344/flags/1x1/ms.svg]
[en.locatorleads.com/landers/btcprofit-lp2/assets/21e4c22148417f878d48d69f8f3de344/flags/4x3/mt.svg]
[en.locatorleads.com/landers/btcprofit-lp2/assets/21e4c22148417f878d48d69f8f3de344/flags/1x1/mt.svg]
[en.locatorleads.com/landers/btcprofit-lp2/assets/21e4c22148417f878d48d69f8f3de344/flags/4x3/mu.svg]
[en.locatorleads.com/landers/btcprofit-lp2/assets/21e4c22148417f878d48d69f8f3de344/flags/1x1/mu.svg]
[en.locatorleads.com/landers/btcprofit-lp2/assets/21e4c22148417f878d48d69f8f3de344/flags/4x3/mv.svg]
[en.locatorleads.com/landers/btcprofit-lp2/assets/21e4c22148417f878d48d69f8f3de344/flags/1x1/mv.svg]
[en.locatorleads.com/landers/btcprofit-lp2/assets/21e4c22148417f878d48d69f8f3de344/flags/4x3/mw.svg]
[en.locatorleads.com/landers/btcprofit-lp2/assets/21e4c22148417f878d48d69f8f3de344/flags/1x1/mw.svg]
[en.locatorleads.com/landers/btcprofit-lp2/assets/21e4c22148417f878d48d69f8f3de344/flags/4x3/mx.svg]
[en.locatorleads.com/landers/btcprofit-lp2/assets/21e4c22148417f878d48d69f8f3de344/flags/1x1/mx.svg]
[en.locatorleads.com/landers/btcprofit-lp2/assets/21e4c22148417f878d48d69f8f3de344/flags/4x3/my.svg]
[en.locatorleads.com/landers/btcprofit-lp2/assets/21e4c22148417f878d48d69f8f3de344/flags/1x1/my.svg]
[en.locatorleads.com/landers/btcprofit-lp2/assets/21e4c22148417f878d48d69f8f3de344/flags/4x3/mz.svg]
[en.locatorleads.com/landers/btcprofit-lp2/assets/21e4c22148417f878d48d69f8f3de344/flags/1x1/mz.svg]
[en.locatorleads.com/landers/btcprofit-lp2/assets/21e4c22148417f878d48d69f8f3de344/flags/4x3/na.svg]
[en.locatorleads.com/landers/btcprofit-lp2/assets/21e4c22148417f878d48d69f8f3de344/flags/1x1/na.svg]
[en.locatorleads.com/landers/btcprofit-lp2/assets/21e4c22148417f878d48d69f8f3de344/flags/4x3/nc.svg]
[en.locatorleads.com/landers/btcprofit-lp2/assets/21e4c22148417f878d48d69f8f3de344/flags/1x1/nc.svg]
[en.locatorleads.com/landers/btcprofit-lp2/assets/21e4c22148417f878d48d69f8f3de344/flags/4x3/ne.svg]
[en.locatorleads.com/landers/btcprofit-lp2/assets/21e4c22148417f878d48d69f8f3de344/flags/1x1/ne.svg]
[en.locatorleads.com/landers/btcprofit-lp2/assets/21e4c22148417f878d48d69f8f3de344/flags/4x3/nf.svg]
[en.locatorleads.com/landers/btcprofit-lp2/assets/21e4c22148417f878d48d69f8f3de344/flags/1x1/nf.svg]
[en.locatorleads.com/landers/btcprofit-lp2/assets/21e4c22148417f878d48d69f8f3de344/flags/4x3/ng.svg]
[en.locatorleads.com/landers/btcprofit-lp2/assets/21e4c22148417f878d48d69f8f3de344/flags/1x1/ng.svg]
[en.locatorleads.com/landers/btcprofit-lp2/assets/21e4c22148417f878d48d69f8f3de344/flags/4x3/ni.svg]
[en.locatorleads.com/landers/btcprofit-lp2/assets/21e4c22148417f878d48d69f8f3de344/flags/1x1/ni.svg]
[en.locatorleads.com/landers/btcprofit-lp2/assets/21e4c22148417f878d48d69f8f3de344/flags/4x3/nl.svg]
[en.locatorleads.com/landers/btcprofit-lp2/assets/21e4c22148417f878d48d69f8f3de344/flags/1x1/nl.svg]
[en.locatorleads.com/landers/btcprofit-lp2/assets/21e4c22148417f878d48d69f8f3de344/flags/4x3/no.svg]
[en.locatorleads.com/landers/btcprofit-lp2/assets/21e4c22148417f878d48d69f8f3de344/flags/1x1/no.svg]
[en.locatorleads.com/landers/btcprofit-lp2/assets/21e4c22148417f878d48d69f8f3de344/flags/4x3/np.svg]
[en.locatorleads.com/landers/btcprofit-lp2/assets/21e4c22148417f878d48d69f8f3de344/flags/1x1/np.svg]
[en.locatorleads.com/landers/btcprofit-lp2/assets/21e4c22148417f878d48d69f8f3de344/flags/4x3/nr.svg]
[en.locatorleads.com/landers/btcprofit-lp2/assets/21e4c22148417f878d48d69f8f3de344/flags/1x1/nr.svg]
[en.locatorleads.com/landers/btcprofit-lp2/assets/21e4c22148417f878d48d69f8f3de344/flags/4x3/nu.svg]
[en.locatorleads.com/landers/btcprofit-lp2/assets/21e4c22148417f878d48d69f8f3de344/flags/1x1/nu.svg]
[en.locatorleads.com/landers/btcprofit-lp2/assets/21e4c22148417f878d48d69f8f3de344/flags/4x3/nz.svg]
[en.locatorleads.com/landers/btcprofit-lp2/assets/21e4c22148417f878d48d69f8f3de344/flags/1x1/nz.svg]
[en.locatorleads.com/landers/btcprofit-lp2/assets/21e4c22148417f878d48d69f8f3de344/flags/4x3/om.svg]
[en.locatorleads.com/landers/btcprofit-lp2/assets/21e4c22148417f878d48d69f8f3de344/flags/1x1/om.svg]
[en.locatorleads.com/landers/btcprofit-lp2/assets/21e4c22148417f878d48d69f8f3de344/flags/4x3/pa.svg]
[en.locatorleads.com/landers/btcprofit-lp2/assets/21e4c22148417f878d48d69f8f3de344/flags/1x1/pa.svg]
[en.locatorleads.com/landers/btcprofit-lp2/assets/21e4c22148417f878d48d69f8f3de344/flags/4x3/pe.svg]
[en.locatorleads.com/landers/btcprofit-lp2/assets/21e4c22148417f878d48d69f8f3de344/flags/1x1/pe.svg]
[en.locatorleads.com/landers/btcprofit-lp2/assets/21e4c22148417f878d48d69f8f3de344/flags/4x3/pf.svg]
[en.locatorleads.com/landers/btcprofit-lp2/assets/21e4c22148417f878d48d69f8f3de344/flags/1x1/pf.svg]
[en.locatorleads.com/landers/btcprofit-lp2/assets/21e4c22148417f878d48d69f8f3de344/flags/4x3/pg.svg]
[en.locatorleads.com/landers/btcprofit-lp2/assets/21e4c22148417f878d48d69f8f3de344/flags/1x1/pg.svg]
[en.locatorleads.com/landers/btcprofit-lp2/assets/21e4c22148417f878d48d69f8f3de344/flags/4x3/ph.svg]
[en.locatorleads.com/landers/btcprofit-lp2/assets/21e4c22148417f878d48d69f8f3de344/flags/1x1/ph.svg]
[en.locatorleads.com/landers/btcprofit-lp2/assets/21e4c22148417f878d48d69f8f3de344/flags/4x3/pk.svg]
[en.locatorleads.com/landers/btcprofit-lp2/assets/21e4c22148417f878d48d69f8f3de344/flags/1x1/pk.svg]
[en.locatorleads.com/landers/btcprofit-lp2/assets/21e4c22148417f878d48d69f8f3de344/flags/4x3/pl.svg]
[en.locatorleads.com/landers/btcprofit-lp2/assets/21e4c22148417f878d48d69f8f3de344/flags/1x1/pl.svg]
[en.locatorleads.com/landers/btcprofit-lp2/assets/21e4c22148417f878d48d69f8f3de344/flags/4x3/pm.svg]
[en.locatorleads.com/landers/btcprofit-lp2/assets/21e4c22148417f878d48d69f8f3de344/flags/1x1/pm.svg]
[en.locatorleads.com/landers/btcprofit-lp2/assets/21e4c22148417f878d48d69f8f3de344/flags/4x3/pn.svg]
[en.locatorleads.com/landers/btcprofit-lp2/assets/21e4c22148417f878d48d69f8f3de344/flags/1x1/pn.svg]
[en.locatorleads.com/landers/btcprofit-lp2/assets/21e4c22148417f878d48d69f8f3de344/flags/4x3/pr.svg]
[en.locatorleads.com/landers/btcprofit-lp2/assets/21e4c22148417f878d48d69f8f3de344/flags/1x1/pr.svg]
[en.locatorleads.com/landers/btcprofit-lp2/assets/21e4c22148417f878d48d69f8f3de344/flags/4x3/ps.svg]
[en.locatorleads.com/landers/btcprofit-lp2/assets/21e4c22148417f878d48d69f8f3de344/flags/1x1/ps.svg]
[en.locatorleads.com/landers/btcprofit-lp2/assets/21e4c22148417f878d48d69f8f3de344/flags/4x3/pt.svg]
[en.locatorleads.com/landers/btcprofit-lp2/assets/21e4c22148417f878d48d69f8f3de344/flags/1x1/pt.svg]
[en.locatorleads.com/landers/btcprofit-lp2/assets/21e4c22148417f878d48d69f8f3de344/flags/4x3/pw.svg]
[en.locatorleads.com/landers/btcprofit-lp2/assets/21e4c22148417f878d48d69f8f3de344/flags/1x1/pw.svg]
[en.locatorleads.com/landers/btcprofit-lp2/assets/21e4c22148417f878d48d69f8f3de344/flags/4x3/py.svg]
[en.locatorleads.com/landers/btcprofit-lp2/assets/21e4c22148417f878d48d69f8f3de344/flags/1x1/py.svg]
[en.locatorleads.com/landers/btcprofit-lp2/assets/21e4c22148417f878d48d69f8f3de344/flags/4x3/qa.svg]
[en.locatorleads.com/landers/btcprofit-lp2/assets/21e4c22148417f878d48d69f8f3de344/flags/1x1/qa.svg]
[en.locatorleads.com/landers/btcprofit-lp2/assets/21e4c22148417f878d48d69f8f3de344/flags/4x3/re.svg]
[en.locatorleads.com/landers/btcprofit-lp2/assets/21e4c22148417f878d48d69f8f3de344/flags/1x1/re.svg]
[en.locatorleads.com/landers/btcprofit-lp2/assets/21e4c22148417f878d48d69f8f3de344/flags/4x3/ro.svg]
[en.locatorleads.com/landers/btcprofit-lp2/assets/21e4c22148417f878d48d69f8f3de344/flags/1x1/ro.svg]
[en.locatorleads.com/landers/btcprofit-lp2/assets/21e4c22148417f878d48d69f8f3de344/flags/4x3/rs.svg]
[en.locatorleads.com/landers/btcprofit-lp2/assets/21e4c22148417f878d48d69f8f3de344/flags/1x1/rs.svg]
[en.locatorleads.com/landers/btcprofit-lp2/assets/21e4c22148417f878d48d69f8f3de344/flags/4x3/ru.svg]
[en.locatorleads.com/landers/btcprofit-lp2/assets/21e4c22148417f878d48d69f8f3de344/flags/1x1/ru.svg]
[en.locatorleads.com/landers/btcprofit-lp2/assets/21e4c22148417f878d48d69f8f3de344/flags/4x3/rw.svg]
[en.locatorleads.com/landers/btcprofit-lp2/assets/21e4c22148417f878d48d69f8f3de344/flags/1x1/rw.svg]
[en.locatorleads.com/landers/btcprofit-lp2/assets/21e4c22148417f878d48d69f8f3de344/flags/4x3/sa.svg]
[en.locatorleads.com/landers/btcprofit-lp2/assets/21e4c22148417f878d48d69f8f3de344/flags/1x1/sa.svg]
[en.locatorleads.com/landers/btcprofit-lp2/assets/21e4c22148417f878d48d69f8f3de344/flags/4x3/sb.svg]
[en.locatorleads.com/landers/btcprofit-lp2/assets/21e4c22148417f878d48d69f8f3de344/flags/1x1/sb.svg]
[en.locatorleads.com/landers/btcprofit-lp2/assets/21e4c22148417f878d48d69f8f3de344/flags/4x3/sc.svg]
[en.locatorleads.com/landers/btcprofit-lp2/assets/21e4c22148417f878d48d69f8f3de344/flags/1x1/sc.svg]
[en.locatorleads.com/landers/btcprofit-lp2/assets/21e4c22148417f878d48d69f8f3de344/flags/4x3/sd.svg]
[en.locatorleads.com/landers/btcprofit-lp2/assets/21e4c22148417f878d48d69f8f3de344/flags/1x1/sd.svg]
[en.locatorleads.com/landers/btcprofit-lp2/assets/21e4c22148417f878d48d69f8f3de344/flags/4x3/se.svg]
[en.locatorleads.com/landers/btcprofit-lp2/assets/21e4c22148417f878d48d69f8f3de344/flags/1x1/se.svg]
[en.locatorleads.com/landers/btcprofit-lp2/assets/21e4c22148417f878d48d69f8f3de344/flags/4x3/sg.svg]
[en.locatorleads.com/landers/btcprofit-lp2/assets/21e4c22148417f878d48d69f8f3de344/flags/1x1/sg.svg]
[en.locatorleads.com/landers/btcprofit-lp2/assets/21e4c22148417f878d48d69f8f3de344/flags/4x3/sh.svg]
[en.locatorleads.com/landers/btcprofit-lp2/assets/21e4c22148417f878d48d69f8f3de344/flags/1x1/sh.svg]
[en.locatorleads.com/landers/btcprofit-lp2/assets/21e4c22148417f878d48d69f8f3de344/flags/4x3/si.svg]
[en.locatorleads.com/landers/btcprofit-lp2/assets/21e4c22148417f878d48d69f8f3de344/flags/1x1/si.svg]
[en.locatorleads.com/landers/btcprofit-lp2/assets/21e4c22148417f878d48d69f8f3de344/flags/4x3/sj.svg]
[en.locatorleads.com/landers/btcprofit-lp2/assets/21e4c22148417f878d48d69f8f3de344/flags/1x1/sj.svg]
[en.locatorleads.com/landers/btcprofit-lp2/assets/21e4c22148417f878d48d69f8f3de344/flags/4x3/sk.svg]
[en.locatorleads.com/landers/btcprofit-lp2/assets/21e4c22148417f878d48d69f8f3de344/flags/1x1/sk.svg]
[en.locatorleads.com/landers/btcprofit-lp2/assets/21e4c22148417f878d48d69f8f3de344/flags/4x3/sl.svg]
[en.locatorleads.com/landers/btcprofit-lp2/assets/21e4c22148417f878d48d69f8f3de344/flags/1x1/sl.svg]
[en.locatorleads.com/landers/btcprofit-lp2/assets/21e4c22148417f878d48d69f8f3de344/flags/4x3/sm.svg]
[en.locatorleads.com/landers/btcprofit-lp2/assets/21e4c22148417f878d48d69f8f3de344/flags/1x1/sm.svg]
[en.locatorleads.com/landers/btcprofit-lp2/assets/21e4c22148417f878d48d69f8f3de344/flags/4x3/sn.svg]
[en.locatorleads.com/landers/btcprofit-lp2/assets/21e4c22148417f878d48d69f8f3de344/flags/1x1/sn.svg]
[en.locatorleads.com/landers/btcprofit-lp2/assets/21e4c22148417f878d48d69f8f3de344/flags/4x3/so.svg]
[en.locatorleads.com/landers/btcprofit-lp2/assets/21e4c22148417f878d48d69f8f3de344/flags/1x1/so.svg]
[en.locatorleads.com/landers/btcprofit-lp2/assets/21e4c22148417f878d48d69f8f3de344/flags/4x3/sr.svg]
[en.locatorleads.com/landers/btcprofit-lp2/assets/21e4c22148417f878d48d69f8f3de344/flags/1x1/sr.svg]
[en.locatorleads.com/landers/btcprofit-lp2/assets/21e4c22148417f878d48d69f8f3de344/flags/4x3/ss.svg]
[en.locatorleads.com/landers/btcprofit-lp2/assets/21e4c22148417f878d48d69f8f3de344/flags/1x1/ss.svg]
[en.locatorleads.com/landers/btcprofit-lp2/assets/21e4c22148417f878d48d69f8f3de344/flags/4x3/st.svg]
[en.locatorleads.com/landers/btcprofit-lp2/assets/21e4c22148417f878d48d69f8f3de344/flags/1x1/st.svg]
[en.locatorleads.com/landers/btcprofit-lp2/assets/21e4c22148417f878d48d69f8f3de344/flags/4x3/sv.svg]
[en.locatorleads.com/landers/btcprofit-lp2/assets/21e4c22148417f878d48d69f8f3de344/flags/1x1/sv.svg]
[en.locatorleads.com/landers/btcprofit-lp2/assets/21e4c22148417f878d48d69f8f3de344/flags/4x3/sx.svg]
[en.locatorleads.com/landers/btcprofit-lp2/assets/21e4c22148417f878d48d69f8f3de344/flags/1x1/sx.svg]
[en.locatorleads.com/landers/btcprofit-lp2/assets/21e4c22148417f878d48d69f8f3de344/flags/4x3/sy.svg]
[en.locatorleads.com/landers/btcprofit-lp2/assets/21e4c22148417f878d48d69f8f3de344/flags/1x1/sy.svg]
[en.locatorleads.com/landers/btcprofit-lp2/assets/21e4c22148417f878d48d69f8f3de344/flags/4x3/sz.svg]
[en.locatorleads.com/landers/btcprofit-lp2/assets/21e4c22148417f878d48d69f8f3de344/flags/1x1/sz.svg]
[en.locatorleads.com/landers/btcprofit-lp2/assets/21e4c22148417f878d48d69f8f3de344/flags/4x3/tc.svg]
[en.locatorleads.com/landers/btcprofit-lp2/assets/21e4c22148417f878d48d69f8f3de344/flags/1x1/tc.svg]
[en.locatorleads.com/landers/btcprofit-lp2/assets/21e4c22148417f878d48d69f8f3de344/flags/4x3/td.svg]
[en.locatorleads.com/landers/btcprofit-lp2/assets/21e4c22148417f878d48d69f8f3de344/flags/1x1/td.svg]
[en.locatorleads.com/landers/btcprofit-lp2/assets/21e4c22148417f878d48d69f8f3de344/flags/4x3/tf.svg]
[en.locatorleads.com/landers/btcprofit-lp2/assets/21e4c22148417f878d48d69f8f3de344/flags/1x1/tf.svg]
[en.locatorleads.com/landers/btcprofit-lp2/assets/21e4c22148417f878d48d69f8f3de344/flags/4x3/tg.svg]
[en.locatorleads.com/landers/btcprofit-lp2/assets/21e4c22148417f878d48d69f8f3de344/flags/1x1/tg.svg]
[en.locatorleads.com/landers/btcprofit-lp2/assets/21e4c22148417f878d48d69f8f3de344/flags/4x3/th.svg]
[en.locatorleads.com/landers/btcprofit-lp2/assets/21e4c22148417f878d48d69f8f3de344/flags/1x1/th.svg]
[en.locatorleads.com/landers/btcprofit-lp2/assets/21e4c22148417f878d48d69f8f3de344/flags/4x3/tj.svg]
[en.locatorleads.com/landers/btcprofit-lp2/assets/21e4c22148417f878d48d69f8f3de344/flags/1x1/tj.svg]
[en.locatorleads.com/landers/btcprofit-lp2/assets/21e4c22148417f878d48d69f8f3de344/flags/4x3/tk.svg]
[en.locatorleads.com/landers/btcprofit-lp2/assets/21e4c22148417f878d48d69f8f3de344/flags/1x1/tk.svg]
[en.locatorleads.com/landers/btcprofit-lp2/assets/21e4c22148417f878d48d69f8f3de344/flags/4x3/tl.svg]
[en.locatorleads.com/landers/btcprofit-lp2/assets/21e4c22148417f878d48d69f8f3de344/flags/1x1/tl.svg]
[en.locatorleads.com/landers/btcprofit-lp2/assets/21e4c22148417f878d48d69f8f3de344/flags/4x3/tm.svg]
[en.locatorleads.com/landers/btcprofit-lp2/assets/21e4c22148417f878d48d69f8f3de344/flags/1x1/tm.svg]
[en.locatorleads.com/landers/btcprofit-lp2/assets/21e4c22148417f878d48d69f8f3de344/flags/4x3/tn.svg]
[en.locatorleads.com/landers/btcprofit-lp2/assets/21e4c22148417f878d48d69f8f3de344/flags/1x1/tn.svg]
[en.locatorleads.com/landers/btcprofit-lp2/assets/21e4c22148417f878d48d69f8f3de344/flags/4x3/to.svg]
[en.locatorleads.com/landers/btcprofit-lp2/assets/21e4c22148417f878d48d69f8f3de344/flags/1x1/to.svg]
[en.locatorleads.com/landers/btcprofit-lp2/assets/21e4c22148417f878d48d69f8f3de344/flags/4x3/tr.svg]
[en.locatorleads.com/landers/btcprofit-lp2/assets/21e4c22148417f878d48d69f8f3de344/flags/1x1/tr.svg]
[en.locatorleads.com/landers/btcprofit-lp2/assets/21e4c22148417f878d48d69f8f3de344/flags/4x3/tt.svg]
[en.locatorleads.com/landers/btcprofit-lp2/assets/21e4c22148417f878d48d69f8f3de344/flags/1x1/tt.svg]
[en.locatorleads.com/landers/btcprofit-lp2/assets/21e4c22148417f878d48d69f8f3de344/flags/4x3/tv.svg]
[en.locatorleads.com/landers/btcprofit-lp2/assets/21e4c22148417f878d48d69f8f3de344/flags/1x1/tv.svg]
[en.locatorleads.com/landers/btcprofit-lp2/assets/21e4c22148417f878d48d69f8f3de344/flags/4x3/tw.svg]
[en.locatorleads.com/landers/btcprofit-lp2/assets/21e4c22148417f878d48d69f8f3de344/flags/1x1/tw.svg]
[en.locatorleads.com/landers/btcprofit-lp2/assets/21e4c22148417f878d48d69f8f3de344/flags/4x3/tz.svg]
[en.locatorleads.com/landers/btcprofit-lp2/assets/21e4c22148417f878d48d69f8f3de344/flags/1x1/tz.svg]
[en.locatorleads.com/landers/btcprofit-lp2/assets/21e4c22148417f878d48d69f8f3de344/flags/4x3/ua.svg]
[en.locatorleads.com/landers/btcprofit-lp2/assets/21e4c22148417f878d48d69f8f3de344/flags/1x1/ua.svg]
[en.locatorleads.com/landers/btcprofit-lp2/assets/21e4c22148417f878d48d69f8f3de344/flags/4x3/ug.svg]
[en.locatorleads.com/landers/btcprofit-lp2/assets/21e4c22148417f878d48d69f8f3de344/flags/1x1/ug.svg]
[en.locatorleads.com/landers/btcprofit-lp2/assets/21e4c22148417f878d48d69f8f3de344/flags/4x3/um.svg]
[en.locatorleads.com/landers/btcprofit-lp2/assets/21e4c22148417f878d48d69f8f3de344/flags/1x1/um.svg]
[en.locatorleads.com/landers/btcprofit-lp2/assets/21e4c22148417f878d48d69f8f3de344/flags/4x3/us.svg]
[en.locatorleads.com/landers/btcprofit-lp2/assets/21e4c22148417f878d48d69f8f3de344/flags/1x1/us.svg]
[en.locatorleads.com/landers/btcprofit-lp2/assets/21e4c22148417f878d48d69f8f3de344/flags/4x3/uy.svg]
[en.locatorleads.com/landers/btcprofit-lp2/assets/21e4c22148417f878d48d69f8f3de344/flags/1x1/uy.svg]
[en.locatorleads.com/landers/btcprofit-lp2/assets/21e4c22148417f878d48d69f8f3de344/flags/4x3/uz.svg]
[en.locatorleads.com/landers/btcprofit-lp2/assets/21e4c22148417f878d48d69f8f3de344/flags/1x1/uz.svg]
[en.locatorleads.com/landers/btcprofit-lp2/assets/21e4c22148417f878d48d69f8f3de344/flags/4x3/va.svg]
[en.locatorleads.com/landers/btcprofit-lp2/assets/21e4c22148417f878d48d69f8f3de344/flags/1x1/va.svg]
[en.locatorleads.com/landers/btcprofit-lp2/assets/21e4c22148417f878d48d69f8f3de344/flags/4x3/vc.svg]
[en.locatorleads.com/landers/btcprofit-lp2/assets/21e4c22148417f878d48d69f8f3de344/flags/1x1/vc.svg]
[en.locatorleads.com/landers/btcprofit-lp2/assets/21e4c22148417f878d48d69f8f3de344/flags/4x3/ve.svg]
[en.locatorleads.com/landers/btcprofit-lp2/assets/21e4c22148417f878d48d69f8f3de344/flags/1x1/ve.svg]
[en.locatorleads.com/landers/btcprofit-lp2/assets/21e4c22148417f878d48d69f8f3de344/flags/4x3/vg.svg]
[en.locatorleads.com/landers/btcprofit-lp2/assets/21e4c22148417f878d48d69f8f3de344/flags/1x1/vg.svg]
[en.locatorleads.com/landers/btcprofit-lp2/assets/21e4c22148417f878d48d69f8f3de344/flags/4x3/vi.svg]
[en.locatorleads.com/landers/btcprofit-lp2/assets/21e4c22148417f878d48d69f8f3de344/flags/1x1/vi.svg]
[en.locatorleads.com/landers/btcprofit-lp2/assets/21e4c22148417f878d48d69f8f3de344/flags/4x3/vn.svg]
[en.locatorleads.com/landers/btcprofit-lp2/assets/21e4c22148417f878d48d69f8f3de344/flags/1x1/vn.svg]
[en.locatorleads.com/landers/btcprofit-lp2/assets/21e4c22148417f878d48d69f8f3de344/flags/4x3/vu.svg]
[en.locatorleads.com/landers/btcprofit-lp2/assets/21e4c22148417f878d48d69f8f3de344/flags/1x1/vu.svg]
[en.locatorleads.com/landers/btcprofit-lp2/assets/21e4c22148417f878d48d69f8f3de344/flags/4x3/wf.svg]
[en.locatorleads.com/landers/btcprofit-lp2/assets/21e4c22148417f878d48d69f8f3de344/flags/1x1/wf.svg]
[en.locatorleads.com/landers/btcprofit-lp2/assets/21e4c22148417f878d48d69f8f3de344/flags/4x3/ws.svg]
[en.locatorleads.com/landers/btcprofit-lp2/assets/21e4c22148417f878d48d69f8f3de344/flags/1x1/ws.svg]
[en.locatorleads.com/landers/btcprofit-lp2/assets/21e4c22148417f878d48d69f8f3de344/flags/4x3/ye.svg]
[en.locatorleads.com/landers/btcprofit-lp2/assets/21e4c22148417f878d48d69f8f3de344/flags/1x1/ye.svg]
[en.locatorleads.com/landers/btcprofit-lp2/assets/21e4c22148417f878d48d69f8f3de344/flags/4x3/yt.svg]
[en.locatorleads.com/landers/btcprofit-lp2/assets/21e4c22148417f878d48d69f8f3de344/flags/1x1/yt.svg]
[en.locatorleads.com/landers/btcprofit-lp2/assets/21e4c22148417f878d48d69f8f3de344/flags/4x3/za.svg]
[en.locatorleads.com/landers/btcprofit-lp2/assets/21e4c22148417f878d48d69f8f3de344/flags/1x1/za.svg]
[en.locatorleads.com/landers/btcprofit-lp2/assets/21e4c22148417f878d48d69f8f3de344/flags/4x3/zm.svg]
[en.locatorleads.com/landers/btcprofit-lp2/assets/21e4c22148417f878d48d69f8f3de344/flags/1x1/zm.svg]
[en.locatorleads.com/landers/btcprofit-lp2/assets/21e4c22148417f878d48d69f8f3de344/flags/4x3/zw.svg]
[en.locatorleads.com/landers/btcprofit-lp2/assets/21e4c22148417f878d48d69f8f3de344/flags/1x1/zw.svg]
[en.locatorleads.com/landers/btcprofit-lp2/assets/21e4c22148417f878d48d69f8f3de344/flags/4x3/es-ct.svg]
[en.locatorleads.com/landers/btcprofit-lp2/assets/21e4c22148417f878d48d69f8f3de344/flags/1x1/es-ct.svg]
[en.locatorleads.com/landers/btcprofit-lp2/assets/21e4c22148417f878d48d69f8f3de344/flags/4x3/eu.svg]
[en.locatorleads.com/landers/btcprofit-lp2/assets/21e4c22148417f878d48d69f8f3de344/flags/1x1/eu.svg]
[en.locatorleads.com/landers/btcprofit-lp2/assets/21e4c22148417f878d48d69f8f3de344/flags/4x3/gb-eng.svg]
[en.locatorleads.com/landers/btcprofit-lp2/assets/21e4c22148417f878d48d69f8f3de344/flags/1x1/gb-eng.svg]
[en.locatorleads.com/landers/btcprofit-lp2/assets/21e4c22148417f878d48d69f8f3de344/flags/4x3/gb-nir.svg]
[en.locatorleads.com/landers/btcprofit-lp2/assets/21e4c22148417f878d48d69f8f3de344/flags/1x1/gb-nir.svg]
[en.locatorleads.com/landers/btcprofit-lp2/assets/21e4c22148417f878d48d69f8f3de344/flags/4x3/gb-sct.svg]
[en.locatorleads.com/landers/btcprofit-lp2/assets/21e4c22148417f878d48d69f8f3de344/flags/1x1/gb-sct.svg]
[en.locatorleads.com/landers/btcprofit-lp2/assets/21e4c22148417f878d48d69f8f3de344/flags/4x3/gb-wls.svg]
[en.locatorleads.com/landers/btcprofit-lp2/assets/21e4c22148417f878d48d69f8f3de344/flags/1x1/gb-wls.svg]
[en.locatorleads.com/landers/btcprofit-lp2/assets/21e4c22148417f878d48d69f8f3de344/flags/4x3/un.svg]
[en.locatorleads.com/landers/btcprofit-lp2/assets/21e4c22148417f878d48d69f8f3de344/flags/1x1/un.svg]
[en.locatorleads.com/landers/btcprofit-lp2/css/style.min_1.html]
[en.locatorleads.com/landers/btcprofit-lp2/img/favicon.html]
